<!doctype html public "-//w3c//dtd html 4.0 transitional//en">
<html><head>
<title>Static Call Graph - [.\Objects\template.axf]</title></head>
<body><HR>
<H1>Static Call Graph for image .\Objects\template.axf</H1><HR>
<BR><P>#&#060CALLGRAPH&#062# ARM Linker, 5060750: Last Updated: Fri Aug 17 20:25:17 2018
<BR><P>
<H3>Maximum Stack Usage =        632 bytes + Unknown(Functions without stacksize, Cycles, Untraceable Function Pointers)</H3><H3>
Call chain for Maximum Stack Depth:</H3>
finsh_thread_entry &rArr; finsh_run_line &rArr; finsh_parser_run &rArr; proc_variable_decl &rArr; proc_assign_expr &rArr;  proc_assign_expr (Cycle)
<P>
<H3>
Functions with no stack information
</H3><UL>
 <LI><a href="#[25c]">__user_initial_stackheap</a>
</UL>
</UL>
<P>
<H3>
Mutually Recursive functions
</H3> <LI><a href="#[f]">DebugMon_Handler</a>&nbsp;&nbsp;&nbsp;&rArr;&nbsp;&nbsp;&nbsp;<a href="#[f]">DebugMon_Handler</a><BR>
 <LI><a href="#[24]">ADC_IRQHandler</a>&nbsp;&nbsp;&nbsp;&rArr;&nbsp;&nbsp;&nbsp;<a href="#[24]">ADC_IRQHandler</a><BR>
 <LI><a href="#[12b]">rt_assert_handler</a>&nbsp;&nbsp;&nbsp;&rArr;&nbsp;&nbsp;&nbsp;<a href="#[128]">rt_kprintf</a><BR>
 <LI><a href="#[30f]">rt_module_unload</a>&nbsp;&nbsp;&nbsp;&rArr;&nbsp;&nbsp;&nbsp;<a href="#[12b]">rt_assert_handler</a><BR>
 <LI><a href="#[2a8]">_rt_scheduler_stack_check</a>&nbsp;&nbsp;&nbsp;&rArr;&nbsp;&nbsp;&nbsp;<a href="#[12b]">rt_assert_handler</a><BR>
 <LI><a href="#[2a1]">_list_thread</a>&nbsp;&nbsp;&nbsp;&rArr;&nbsp;&nbsp;&nbsp;<a href="#[128]">rt_kprintf</a><BR>
 <LI><a href="#[296]">object_split</a>&nbsp;&nbsp;&nbsp;&rArr;&nbsp;&nbsp;&nbsp;<a href="#[128]">rt_kprintf</a><BR>
 <LI><a href="#[295]">object_name_maxlen</a>&nbsp;&nbsp;&nbsp;&rArr;&nbsp;&nbsp;&nbsp;<a href="#[13f]">rt_exit_critical</a><BR>
 <LI><a href="#[306]">proc_expr</a>&nbsp;&nbsp;&nbsp;&rArr;&nbsp;&nbsp;&nbsp;<a href="#[300]">proc_assign_expr</a><BR>
 <LI><a href="#[308]">proc_param_list</a>&nbsp;&nbsp;&nbsp;&rArr;&nbsp;&nbsp;&nbsp;<a href="#[300]">proc_assign_expr</a><BR>
 <LI><a href="#[304]">proc_unary_expr</a>&nbsp;&nbsp;&nbsp;&rArr;&nbsp;&nbsp;&nbsp;<a href="#[302]">proc_cast_expr</a><BR>
 <LI><a href="#[302]">proc_cast_expr</a>&nbsp;&nbsp;&nbsp;&rArr;&nbsp;&nbsp;&nbsp;<a href="#[302]">proc_cast_expr</a><BR>
 <LI><a href="#[300]">proc_assign_expr</a>&nbsp;&nbsp;&nbsp;&rArr;&nbsp;&nbsp;&nbsp;<a href="#[300]">proc_assign_expr</a><BR>
 <LI><a href="#[2ba]">finsh_type_check</a>&nbsp;&nbsp;&nbsp;&rArr;&nbsp;&nbsp;&nbsp;<a href="#[2ba]">finsh_type_check</a><BR>
 <LI><a href="#[2b7]">finsh_compile</a>&nbsp;&nbsp;&nbsp;&rArr;&nbsp;&nbsp;&nbsp;<a href="#[2b7]">finsh_compile</a><BR>
</UL>
<P>
<H3>
Function Pointers
</H3><UL>
 <LI><a href="#[24]">ADC_IRQHandler</a> from startup_stm32f429xx.o(.text) referenced from startup_stm32f429xx.o(RESET)
 <LI><a href="#[c]">BusFault_Handler</a> from stm32f4xx_it.o(i.BusFault_Handler) referenced from startup_stm32f429xx.o(RESET)
 <LI><a href="#[26]">CAN1_RX0_IRQHandler</a> from startup_stm32f429xx.o(.text) referenced from startup_stm32f429xx.o(RESET)
 <LI><a href="#[27]">CAN1_RX1_IRQHandler</a> from startup_stm32f429xx.o(.text) referenced from startup_stm32f429xx.o(RESET)
 <LI><a href="#[28]">CAN1_SCE_IRQHandler</a> from startup_stm32f429xx.o(.text) referenced from startup_stm32f429xx.o(RESET)
 <LI><a href="#[25]">CAN1_TX_IRQHandler</a> from startup_stm32f429xx.o(.text) referenced from startup_stm32f429xx.o(RESET)
 <LI><a href="#[52]">CAN2_RX0_IRQHandler</a> from startup_stm32f429xx.o(.text) referenced from startup_stm32f429xx.o(RESET)
 <LI><a href="#[53]">CAN2_RX1_IRQHandler</a> from startup_stm32f429xx.o(.text) referenced from startup_stm32f429xx.o(RESET)
 <LI><a href="#[54]">CAN2_SCE_IRQHandler</a> from startup_stm32f429xx.o(.text) referenced from startup_stm32f429xx.o(RESET)
 <LI><a href="#[51]">CAN2_TX_IRQHandler</a> from startup_stm32f429xx.o(.text) referenced from startup_stm32f429xx.o(RESET)
 <LI><a href="#[60]">DCMI_IRQHandler</a> from startup_stm32f429xx.o(.text) referenced from startup_stm32f429xx.o(RESET)
 <LI><a href="#[1d]">DMA1_Stream0_IRQHandler</a> from startup_stm32f429xx.o(.text) referenced from startup_stm32f429xx.o(RESET)
 <LI><a href="#[1e]">DMA1_Stream1_IRQHandler</a> from startup_stm32f429xx.o(.text) referenced from startup_stm32f429xx.o(RESET)
 <LI><a href="#[1f]">DMA1_Stream2_IRQHandler</a> from startup_stm32f429xx.o(.text) referenced from startup_stm32f429xx.o(RESET)
 <LI><a href="#[20]">DMA1_Stream3_IRQHandler</a> from startup_stm32f429xx.o(.text) referenced from startup_stm32f429xx.o(RESET)
 <LI><a href="#[21]">DMA1_Stream4_IRQHandler</a> from startup_stm32f429xx.o(.text) referenced from startup_stm32f429xx.o(RESET)
 <LI><a href="#[22]">DMA1_Stream5_IRQHandler</a> from startup_stm32f429xx.o(.text) referenced from startup_stm32f429xx.o(RESET)
 <LI><a href="#[23]">DMA1_Stream6_IRQHandler</a> from startup_stm32f429xx.o(.text) referenced from startup_stm32f429xx.o(RESET)
 <LI><a href="#[41]">DMA1_Stream7_IRQHandler</a> from startup_stm32f429xx.o(.text) referenced from startup_stm32f429xx.o(RESET)
 <LI><a href="#[6b]">DMA2D_IRQHandler</a> from startup_stm32f429xx.o(.text) referenced from startup_stm32f429xx.o(RESET)
 <LI><a href="#[4a]">DMA2_Stream0_IRQHandler</a> from startup_stm32f429xx.o(.text) referenced from startup_stm32f429xx.o(RESET)
 <LI><a href="#[4b]">DMA2_Stream1_IRQHandler</a> from startup_stm32f429xx.o(.text) referenced from startup_stm32f429xx.o(RESET)
 <LI><a href="#[4c]">DMA2_Stream2_IRQHandler</a> from startup_stm32f429xx.o(.text) referenced from startup_stm32f429xx.o(RESET)
 <LI><a href="#[4d]">DMA2_Stream3_IRQHandler</a> from startup_stm32f429xx.o(.text) referenced from startup_stm32f429xx.o(RESET)
 <LI><a href="#[4e]">DMA2_Stream4_IRQHandler</a> from startup_stm32f429xx.o(.text) referenced from startup_stm32f429xx.o(RESET)
 <LI><a href="#[56]">DMA2_Stream5_IRQHandler</a> from startup_stm32f429xx.o(.text) referenced from startup_stm32f429xx.o(RESET)
 <LI><a href="#[57]">DMA2_Stream6_IRQHandler</a> from startup_stm32f429xx.o(.text) referenced from startup_stm32f429xx.o(RESET)
 <LI><a href="#[58]">DMA2_Stream7_IRQHandler</a> from startup_stm32f429xx.o(.text) referenced from startup_stm32f429xx.o(RESET)
 <LI><a href="#[f]">DebugMon_Handler</a> from startup_stm32f429xx.o(.text) referenced from startup_stm32f429xx.o(RESET)
 <LI><a href="#[4f]">ETH_IRQHandler</a> from startup_stm32f429xx.o(.text) referenced from startup_stm32f429xx.o(RESET)
 <LI><a href="#[50]">ETH_WKUP_IRQHandler</a> from startup_stm32f429xx.o(.text) referenced from startup_stm32f429xx.o(RESET)
 <LI><a href="#[18]">EXTI0_IRQHandler</a> from startup_stm32f429xx.o(.text) referenced from startup_stm32f429xx.o(RESET)
 <LI><a href="#[3a]">EXTI15_10_IRQHandler</a> from startup_stm32f429xx.o(.text) referenced from startup_stm32f429xx.o(RESET)
 <LI><a href="#[19]">EXTI1_IRQHandler</a> from startup_stm32f429xx.o(.text) referenced from startup_stm32f429xx.o(RESET)
 <LI><a href="#[1a]">EXTI2_IRQHandler</a> from startup_stm32f429xx.o(.text) referenced from startup_stm32f429xx.o(RESET)
 <LI><a href="#[1b]">EXTI3_IRQHandler</a> from startup_stm32f429xx.o(.text) referenced from startup_stm32f429xx.o(RESET)
 <LI><a href="#[1c]">EXTI4_IRQHandler</a> from startup_stm32f429xx.o(.text) referenced from startup_stm32f429xx.o(RESET)
 <LI><a href="#[29]">EXTI9_5_IRQHandler</a> from startup_stm32f429xx.o(.text) referenced from startup_stm32f429xx.o(RESET)
 <LI><a href="#[16]">FLASH_IRQHandler</a> from startup_stm32f429xx.o(.text) referenced from startup_stm32f429xx.o(RESET)
 <LI><a href="#[42]">FMC_IRQHandler</a> from startup_stm32f429xx.o(.text) referenced from startup_stm32f429xx.o(RESET)
 <LI><a href="#[62]">FPU_IRQHandler</a> from startup_stm32f429xx.o(.text) referenced from startup_stm32f429xx.o(RESET)
 <LI><a href="#[61]">HASH_RNG_IRQHandler</a> from startup_stm32f429xx.o(.text) referenced from startup_stm32f429xx.o(RESET)
 <LI><a href="#[a]">HardFault_Handler</a> from context_rvds.o(.text) referenced from startup_stm32f429xx.o(RESET)
 <LI><a href="#[32]">I2C1_ER_IRQHandler</a> from startup_stm32f429xx.o(.text) referenced from startup_stm32f429xx.o(RESET)
 <LI><a href="#[31]">I2C1_EV_IRQHandler</a> from startup_stm32f429xx.o(.text) referenced from startup_stm32f429xx.o(RESET)
 <LI><a href="#[34]">I2C2_ER_IRQHandler</a> from startup_stm32f429xx.o(.text) referenced from startup_stm32f429xx.o(RESET)
 <LI><a href="#[33]">I2C2_EV_IRQHandler</a> from startup_stm32f429xx.o(.text) referenced from startup_stm32f429xx.o(RESET)
 <LI><a href="#[5b]">I2C3_ER_IRQHandler</a> from startup_stm32f429xx.o(.text) referenced from startup_stm32f429xx.o(RESET)
 <LI><a href="#[5a]">I2C3_EV_IRQHandler</a> from startup_stm32f429xx.o(.text) referenced from startup_stm32f429xx.o(RESET)
 <LI><a href="#[6a]">LTDC_ER_IRQHandler</a> from startup_stm32f429xx.o(.text) referenced from startup_stm32f429xx.o(RESET)
 <LI><a href="#[69]">LTDC_IRQHandler</a> from startup_stm32f429xx.o(.text) referenced from startup_stm32f429xx.o(RESET)
 <LI><a href="#[b]">MemManage_Handler</a> from stm32f4xx_it.o(i.MemManage_Handler) referenced from startup_stm32f429xx.o(RESET)
 <LI><a href="#[9]">NMI_Handler</a> from stm32f4xx_it.o(i.NMI_Handler) referenced from startup_stm32f429xx.o(RESET)
 <LI><a href="#[85]">OP_add_byte</a> from finsh_ops.o(i.OP_add_byte) referenced from finsh_ops.o(.constdata)
 <LI><a href="#[87]">OP_add_dword</a> from finsh_ops.o(i.OP_add_dword) referenced from finsh_ops.o(.constdata)
 <LI><a href="#[86]">OP_add_word</a> from finsh_ops.o(i.OP_add_word) referenced from finsh_ops.o(.constdata)
 <LI><a href="#[94]">OP_and_byte</a> from finsh_ops.o(i.OP_and_byte) referenced from finsh_ops.o(.constdata)
 <LI><a href="#[96]">OP_and_dword</a> from finsh_ops.o(i.OP_and_dword) referenced from finsh_ops.o(.constdata)
 <LI><a href="#[95]">OP_and_word</a> from finsh_ops.o(i.OP_and_word) referenced from finsh_ops.o(.constdata)
 <LI><a href="#[9d]">OP_bw_byte</a> from finsh_ops.o(i.OP_bw_byte) referenced from finsh_ops.o(.constdata)
 <LI><a href="#[9f]">OP_bw_dword</a> from finsh_ops.o(i.OP_bw_dword) referenced from finsh_ops.o(.constdata)
 <LI><a href="#[9e]">OP_bw_word</a> from finsh_ops.o(i.OP_bw_word) referenced from finsh_ops.o(.constdata)
 <LI><a href="#[b0]">OP_call</a> from finsh_ops.o(i.OP_call) referenced from finsh_ops.o(.constdata)
 <LI><a href="#[8b]">OP_div_byte</a> from finsh_ops.o(i.OP_div_byte) referenced from finsh_ops.o(.constdata)
 <LI><a href="#[8d]">OP_div_dword</a> from finsh_ops.o(i.OP_div_dword) referenced from finsh_ops.o(.constdata)
 <LI><a href="#[8c]">OP_div_word</a> from finsh_ops.o(i.OP_div_word) referenced from finsh_ops.o(.constdata)
 <LI><a href="#[a6]">OP_ld_byte</a> from finsh_ops.o(i.OP_ld_byte) referenced from finsh_ops.o(.constdata)
 <LI><a href="#[a8]">OP_ld_dword</a> from finsh_ops.o(i.OP_ld_dword) referenced from finsh_ops.o(.constdata)
 <LI><a href="#[a9]">OP_ld_value_byte</a> from finsh_ops.o(i.OP_ld_value_byte) referenced from finsh_ops.o(.constdata)
 <LI><a href="#[b1]">OP_ld_value_byte_stack</a> from finsh_ops.o(i.OP_ld_value_byte_stack) referenced from finsh_ops.o(.constdata)
 <LI><a href="#[ab]">OP_ld_value_dword</a> from finsh_ops.o(i.OP_ld_value_dword) referenced from finsh_ops.o(.constdata)
 <LI><a href="#[b3]">OP_ld_value_dword_stack</a> from finsh_ops.o(i.OP_ld_value_dword_stack) referenced from finsh_ops.o(.constdata)
 <LI><a href="#[aa]">OP_ld_value_word</a> from finsh_ops.o(i.OP_ld_value_word) referenced from finsh_ops.o(.constdata)
 <LI><a href="#[b2]">OP_ld_value_word_stack</a> from finsh_ops.o(i.OP_ld_value_word_stack) referenced from finsh_ops.o(.constdata)
 <LI><a href="#[a7]">OP_ld_word</a> from finsh_ops.o(i.OP_ld_word) referenced from finsh_ops.o(.constdata)
 <LI><a href="#[8e]">OP_mod_byte</a> from finsh_ops.o(i.OP_mod_byte) referenced from finsh_ops.o(.constdata)
 <LI><a href="#[90]">OP_mod_dword</a> from finsh_ops.o(i.OP_mod_dword) referenced from finsh_ops.o(.constdata)
 <LI><a href="#[8f]">OP_mod_word</a> from finsh_ops.o(i.OP_mod_word) referenced from finsh_ops.o(.constdata)
 <LI><a href="#[91]">OP_mul_byte</a> from finsh_ops.o(i.OP_mul_byte) referenced from finsh_ops.o(.constdata)
 <LI><a href="#[93]">OP_mul_dword</a> from finsh_ops.o(i.OP_mul_dword) referenced from finsh_ops.o(.constdata)
 <LI><a href="#[92]">OP_mul_word</a> from finsh_ops.o(i.OP_mul_word) referenced from finsh_ops.o(.constdata)
 <LI><a href="#[84]">OP_no_op</a> from finsh_ops.o(i.OP_no_op) referenced from finsh_ops.o(.constdata)
 <LI><a href="#[97]">OP_or_byte</a> from finsh_ops.o(i.OP_or_byte) referenced from finsh_ops.o(.constdata)
 <LI><a href="#[99]">OP_or_dword</a> from finsh_ops.o(i.OP_or_dword) referenced from finsh_ops.o(.constdata)
 <LI><a href="#[98]">OP_or_word</a> from finsh_ops.o(i.OP_or_word) referenced from finsh_ops.o(.constdata)
 <LI><a href="#[af]">OP_pop</a> from finsh_ops.o(i.OP_pop) referenced from finsh_ops.o(.constdata)
 <LI><a href="#[a0]">OP_shl_byte</a> from finsh_ops.o(i.OP_shl_byte) referenced from finsh_ops.o(.constdata)
 <LI><a href="#[a2]">OP_shl_dword</a> from finsh_ops.o(i.OP_shl_dword) referenced from finsh_ops.o(.constdata)
 <LI><a href="#[a1]">OP_shl_word</a> from finsh_ops.o(i.OP_shl_word) referenced from finsh_ops.o(.constdata)
 <LI><a href="#[a3]">OP_shr_byte</a> from finsh_ops.o(i.OP_shr_byte) referenced from finsh_ops.o(.constdata)
 <LI><a href="#[a5]">OP_shr_dword</a> from finsh_ops.o(i.OP_shr_dword) referenced from finsh_ops.o(.constdata)
 <LI><a href="#[a4]">OP_shr_word</a> from finsh_ops.o(i.OP_shr_word) referenced from finsh_ops.o(.constdata)
 <LI><a href="#[ac]">OP_st_byte</a> from finsh_ops.o(i.OP_st_byte) referenced from finsh_ops.o(.constdata)
 <LI><a href="#[ae]">OP_st_dword</a> from finsh_ops.o(i.OP_st_dword) referenced from finsh_ops.o(.constdata)
 <LI><a href="#[ad]">OP_st_word</a> from finsh_ops.o(i.OP_st_word) referenced from finsh_ops.o(.constdata)
 <LI><a href="#[88]">OP_sub_byte</a> from finsh_ops.o(i.OP_sub_byte) referenced from finsh_ops.o(.constdata)
 <LI><a href="#[8a]">OP_sub_dword</a> from finsh_ops.o(i.OP_sub_dword) referenced from finsh_ops.o(.constdata)
 <LI><a href="#[89]">OP_sub_word</a> from finsh_ops.o(i.OP_sub_word) referenced from finsh_ops.o(.constdata)
 <LI><a href="#[9a]">OP_xor_byte</a> from finsh_ops.o(i.OP_xor_byte) referenced from finsh_ops.o(.constdata)
 <LI><a href="#[9c]">OP_xor_dword</a> from finsh_ops.o(i.OP_xor_dword) referenced from finsh_ops.o(.constdata)
 <LI><a href="#[9b]">OP_xor_word</a> from finsh_ops.o(i.OP_xor_word) referenced from finsh_ops.o(.constdata)
 <LI><a href="#[55]">OTG_FS_IRQHandler</a> from startup_stm32f429xx.o(.text) referenced from startup_stm32f429xx.o(RESET)
 <LI><a href="#[3c]">OTG_FS_WKUP_IRQHandler</a> from startup_stm32f429xx.o(.text) referenced from startup_stm32f429xx.o(RESET)
 <LI><a href="#[5d]">OTG_HS_EP1_IN_IRQHandler</a> from startup_stm32f429xx.o(.text) referenced from startup_stm32f429xx.o(RESET)
 <LI><a href="#[5c]">OTG_HS_EP1_OUT_IRQHandler</a> from startup_stm32f429xx.o(.text) referenced from startup_stm32f429xx.o(RESET)
 <LI><a href="#[5f]">OTG_HS_IRQHandler</a> from startup_stm32f429xx.o(.text) referenced from startup_stm32f429xx.o(RESET)
 <LI><a href="#[5e]">OTG_HS_WKUP_IRQHandler</a> from startup_stm32f429xx.o(.text) referenced from startup_stm32f429xx.o(RESET)
 <LI><a href="#[13]">PVD_IRQHandler</a> from startup_stm32f429xx.o(.text) referenced from startup_stm32f429xx.o(RESET)
 <LI><a href="#[10]">PendSV_Handler</a> from context_rvds.o(.text) referenced from startup_stm32f429xx.o(RESET)
 <LI><a href="#[17]">RCC_IRQHandler</a> from startup_stm32f429xx.o(.text) referenced from startup_stm32f429xx.o(RESET)
 <LI><a href="#[3b]">RTC_Alarm_IRQHandler</a> from startup_stm32f429xx.o(.text) referenced from startup_stm32f429xx.o(RESET)
 <LI><a href="#[15]">RTC_WKUP_IRQHandler</a> from startup_stm32f429xx.o(.text) referenced from startup_stm32f429xx.o(RESET)
 <LI><a href="#[8]">Reset_Handler</a> from startup_stm32f429xx.o(.text) referenced from startup_stm32f429xx.o(RESET)
 <LI><a href="#[68]">SAI1_IRQHandler</a> from startup_stm32f429xx.o(.text) referenced from startup_stm32f429xx.o(RESET)
 <LI><a href="#[43]">SDIO_IRQHandler</a> from startup_stm32f429xx.o(.text) referenced from startup_stm32f429xx.o(RESET)
 <LI><a href="#[35]">SPI1_IRQHandler</a> from startup_stm32f429xx.o(.text) referenced from startup_stm32f429xx.o(RESET)
 <LI><a href="#[36]">SPI2_IRQHandler</a> from startup_stm32f429xx.o(.text) referenced from startup_stm32f429xx.o(RESET)
 <LI><a href="#[45]">SPI3_IRQHandler</a> from startup_stm32f429xx.o(.text) referenced from startup_stm32f429xx.o(RESET)
 <LI><a href="#[65]">SPI4_IRQHandler</a> from startup_stm32f429xx.o(.text) referenced from startup_stm32f429xx.o(RESET)
 <LI><a href="#[66]">SPI5_IRQHandler</a> from startup_stm32f429xx.o(.text) referenced from startup_stm32f429xx.o(RESET)
 <LI><a href="#[67]">SPI6_IRQHandler</a> from startup_stm32f429xx.o(.text) referenced from startup_stm32f429xx.o(RESET)
 <LI><a href="#[e]">SVC_Handler</a> from stm32f4xx_it.o(i.SVC_Handler) referenced from startup_stm32f429xx.o(RESET)
 <LI><a href="#[11]">SysTick_Handler</a> from board.o(i.SysTick_Handler) referenced from startup_stm32f429xx.o(RESET)
 <LI><a href="#[6c]">SystemInit</a> from system_stm32f4xx.o(i.SystemInit) referenced from startup_stm32f429xx.o(.text)
 <LI><a href="#[14]">TAMP_STAMP_IRQHandler</a> from startup_stm32f429xx.o(.text) referenced from startup_stm32f429xx.o(RESET)
 <LI><a href="#[2a]">TIM1_BRK_TIM9_IRQHandler</a> from startup_stm32f429xx.o(.text) referenced from startup_stm32f429xx.o(RESET)
 <LI><a href="#[2d]">TIM1_CC_IRQHandler</a> from startup_stm32f429xx.o(.text) referenced from startup_stm32f429xx.o(RESET)
 <LI><a href="#[2c]">TIM1_TRG_COM_TIM11_IRQHandler</a> from startup_stm32f429xx.o(.text) referenced from startup_stm32f429xx.o(RESET)
 <LI><a href="#[2b]">TIM1_UP_TIM10_IRQHandler</a> from startup_stm32f429xx.o(.text) referenced from startup_stm32f429xx.o(RESET)
 <LI><a href="#[2e]">TIM2_IRQHandler</a> from startup_stm32f429xx.o(.text) referenced from startup_stm32f429xx.o(RESET)
 <LI><a href="#[2f]">TIM3_IRQHandler</a> from startup_stm32f429xx.o(.text) referenced from startup_stm32f429xx.o(RESET)
 <LI><a href="#[30]">TIM4_IRQHandler</a> from startup_stm32f429xx.o(.text) referenced from startup_stm32f429xx.o(RESET)
 <LI><a href="#[44]">TIM5_IRQHandler</a> from startup_stm32f429xx.o(.text) referenced from startup_stm32f429xx.o(RESET)
 <LI><a href="#[48]">TIM6_DAC_IRQHandler</a> from startup_stm32f429xx.o(.text) referenced from startup_stm32f429xx.o(RESET)
 <LI><a href="#[49]">TIM7_IRQHandler</a> from startup_stm32f429xx.o(.text) referenced from startup_stm32f429xx.o(RESET)
 <LI><a href="#[3d]">TIM8_BRK_TIM12_IRQHandler</a> from startup_stm32f429xx.o(.text) referenced from startup_stm32f429xx.o(RESET)
 <LI><a href="#[40]">TIM8_CC_IRQHandler</a> from startup_stm32f429xx.o(.text) referenced from startup_stm32f429xx.o(RESET)
 <LI><a href="#[3f]">TIM8_TRG_COM_TIM14_IRQHandler</a> from startup_stm32f429xx.o(.text) referenced from startup_stm32f429xx.o(RESET)
 <LI><a href="#[3e]">TIM8_UP_TIM13_IRQHandler</a> from startup_stm32f429xx.o(.text) referenced from startup_stm32f429xx.o(RESET)
 <LI><a href="#[46]">UART4_IRQHandler</a> from startup_stm32f429xx.o(.text) referenced from startup_stm32f429xx.o(RESET)
 <LI><a href="#[47]">UART5_IRQHandler</a> from startup_stm32f429xx.o(.text) referenced from startup_stm32f429xx.o(RESET)
 <LI><a href="#[63]">UART7_IRQHandler</a> from startup_stm32f429xx.o(.text) referenced from startup_stm32f429xx.o(RESET)
 <LI><a href="#[64]">UART8_IRQHandler</a> from startup_stm32f429xx.o(.text) referenced from startup_stm32f429xx.o(RESET)
 <LI><a href="#[37]">USART1_IRQHandler</a> from usart.o(i.USART1_IRQHandler) referenced from startup_stm32f429xx.o(RESET)
 <LI><a href="#[38]">USART2_IRQHandler</a> from usart.o(i.USART2_IRQHandler) referenced from startup_stm32f429xx.o(RESET)
 <LI><a href="#[39]">USART3_IRQHandler</a> from startup_stm32f429xx.o(.text) referenced from startup_stm32f429xx.o(RESET)
 <LI><a href="#[59]">USART6_IRQHandler</a> from startup_stm32f429xx.o(.text) referenced from startup_stm32f429xx.o(RESET)
 <LI><a href="#[d]">UsageFault_Handler</a> from stm32f4xx_it.o(i.UsageFault_Handler) referenced from startup_stm32f429xx.o(RESET)
 <LI><a href="#[12]">WWDG_IRQHandler</a> from startup_stm32f429xx.o(.text) referenced from startup_stm32f429xx.o(RESET)
 <LI><a href="#[1e8]">__main</a> from __main.o(!!!main) referenced from startup_stm32f429xx.o(.text)
 <LI><a href="#[6e]">_get_lc_ctype</a> from lc_ctype_c.o(locale$$code) referenced from rt_ctype_table.o(.text)
 <LI><a href="#[70]">_printf_input_char</a> from _printf_char_common.o(.text) referenced from _printf_char_common.o(.text)
 <LI><a href="#[76]">_pthread_cleanup</a> from pthread.o(i._pthread_cleanup) referenced from pthread.o(i.pthread_create)
 <LI><a href="#[1b7]">_pthread_cond_timedwait</a> from pthread_cond.o(i._pthread_cond_timedwait) referenced from pthread_cond.o(RTMSymTab)
 <LI><a href="#[114]">_rt_errno</a> from kservice.o(i._rt_errno) referenced from kservice.o(RTMSymTab)
 <LI><a href="#[177]">atoi</a> from atoi.o(.text) referenced from libc_syms.o(RTMSymTab)
 <LI><a href="#[17c]">calloc</a> from mem_std.o(i.calloc) referenced from mem_std.o(RTMSymTab)
 <LI><a href="#[1e5]">clock_getres</a> from clock_time.o(i.clock_getres) referenced from clock_time.o(RTMSymTab)
 <LI><a href="#[1e6]">clock_gettime</a> from clock_time.o(i.clock_gettime) referenced from clock_time.o(RTMSymTab)
 <LI><a href="#[1e7]">clock_settime</a> from clock_time.o(i.clock_settime) referenced from clock_time.o(RTMSymTab)
 <LI><a href="#[bd]">clock_time_system_init</a> from clock_time.o(i.clock_time_system_init) referenced from clock_time.o(.rti_fn.4)
 <LI><a href="#[1e4]">clock_time_to_tick</a> from clock_time.o(i.clock_time_to_tick) referenced from clock_time.o(RTMSymTab)
 <LI><a href="#[d8]">cmd_free</a> from msh_cmd.o(i.cmd_free) referenced from msh_cmd.o(FSymTab)
 <LI><a href="#[d6]">cmd_ps</a> from msh_cmd.o(i.cmd_ps) referenced from msh_cmd.o(FSymTab)
 <LI><a href="#[d7]">cmd_time</a> from msh_cmd.o(i.cmd_time) referenced from msh_cmd.o(FSymTab)
 <LI><a href="#[ba]">cplusplus_system_init</a> from crt_init.o(i.cplusplus_system_init) referenced from crt_init.o(.rti_fn.4)
 <LI><a href="#[73]">finsh_rx_ind</a> from shell.o(i.finsh_rx_ind) referenced from shell.o(i.finsh_set_device)
 <LI><a href="#[be]">finsh_system_init</a> from shell.o(i.finsh_system_init) referenced from shell.o(.rti_fn.6)
 <LI><a href="#[74]">finsh_thread_entry</a> from shell.o(i.finsh_thread_entry) referenced from shell.o(i.finsh_system_init)
 <LI><a href="#[6f]">fputc</a> from fputc.o(i.fputc) referenced from _printf_char_file.o(.text)
 <LI><a href="#[17d]">free</a> from mem_std.o(i.free) referenced from mem_std.o(RTMSymTab)
 <LI><a href="#[c5]">hello</a> from cmd.o(i.hello) referenced from cmd.o(FSymTab)
 <LI><a href="#[bb]">libc_system_init</a> from libc.o(i.libc_system_init) referenced from libc.o(.rti_fn.4)
 <LI><a href="#[d2]">list</a> from cmd.o(i.list) referenced from cmd.o(FSymTab)
 <LI><a href="#[d0]">list_device</a> from cmd.o(i.list_device) referenced 2 times from cmd.o(FSymTab)
 <LI><a href="#[c9]">list_event</a> from cmd.o(i.list_event) referenced 2 times from cmd.o(FSymTab)
 <LI><a href="#[cb]">list_mailbox</a> from cmd.o(i.list_mailbox) referenced 2 times from cmd.o(FSymTab)
 <LI><a href="#[c0]">list_mem</a> from mem.o(i.list_mem) referenced from mem.o(FSymTab)
 <LI><a href="#[cd]">list_memheap</a> from cmd.o(i.list_memheap) referenced 2 times from cmd.o(FSymTab)
 <LI><a href="#[ce]">list_mempool</a> from cmd.o(i.list_mempool) referenced 2 times from cmd.o(FSymTab)
 <LI><a href="#[d1]">list_module</a> from cmd.o(i.list_module) referenced 2 times from cmd.o(FSymTab)
 <LI><a href="#[cc]">list_msgqueue</a> from cmd.o(i.list_msgqueue) referenced 2 times from cmd.o(FSymTab)
 <LI><a href="#[ca]">list_mutex</a> from cmd.o(i.list_mutex) referenced 2 times from cmd.o(FSymTab)
 <LI><a href="#[c8]">list_sem</a> from cmd.o(i.list_sem) referenced 2 times from cmd.o(FSymTab)
 <LI><a href="#[c1]">list_symbol</a> from module.o(i.list_symbol) referenced 2 times from module.o(FSymTab)
 <LI><a href="#[c7]">list_thread</a> from cmd.o(i.list_thread) referenced 2 times from cmd.o(FSymTab)
 <LI><a href="#[cf]">list_timer</a> from cmd.o(i.list_timer) referenced 2 times from cmd.o(FSymTab)
 <LI><a href="#[17a]">malloc</a> from mem_std.o(i.malloc) referenced from mem_std.o(RTMSymTab)
 <LI><a href="#[175]">memchr</a> from memchr.o(.text) referenced from libc_syms.o(RTMSymTab)
 <LI><a href="#[172]">memcmp</a> from memcmp.o(.text) referenced from libc_syms.o(RTMSymTab)
 <LI><a href="#[171]">memcpy</a> from memcpy.o(.text) referenced from libc_syms.o(RTMSymTab)
 <LI><a href="#[173]">memmove</a> from memmove.o(.text) referenced from libc_syms.o(RTMSymTab)
 <LI><a href="#[174]">memset</a> from memset.o(.text) referenced from libc_syms.o(RTMSymTab)
 <LI><a href="#[186]">mq_close</a> from mqueue.o(i.mq_close) referenced from mqueue.o(RTMSymTab)
 <LI><a href="#[17f]">mq_getattr</a> from mqueue.o(i.mq_getattr) referenced from mqueue.o(RTMSymTab)
 <LI><a href="#[185]">mq_notify</a> from mqueue.o(i.mq_notify) referenced from mqueue.o(RTMSymTab)
 <LI><a href="#[180]">mq_open</a> from mqueue.o(i.mq_open) referenced from mqueue.o(RTMSymTab)
 <LI><a href="#[181]">mq_receive</a> from mqueue.o(i.mq_receive) referenced from mqueue.o(RTMSymTab)
 <LI><a href="#[182]">mq_send</a> from mqueue.o(i.mq_send) referenced from mqueue.o(RTMSymTab)
 <LI><a href="#[17e]">mq_setattr</a> from mqueue.o(i.mq_setattr) referenced from mqueue.o(RTMSymTab)
 <LI><a href="#[183]">mq_timedreceive</a> from mqueue.o(i.mq_timedreceive) referenced from mqueue.o(RTMSymTab)
 <LI><a href="#[184]">mq_timedsend</a> from mqueue.o(i.mq_timedsend) referenced from mqueue.o(RTMSymTab)
 <LI><a href="#[187]">mq_unlink</a> from mqueue.o(i.mq_unlink) referenced from mqueue.o(RTMSymTab)
 <LI><a href="#[d4]">msh_enter</a> from msh.o(i.msh_enter) referenced from msh.o(FSymTab)
 <LI><a href="#[d3]">msh_exit</a> from msh.o(i.msh_exit) referenced from msh.o(FSymTab)
 <LI><a href="#[d5]">msh_help</a> from msh.o(i.msh_help) referenced from msh.o(FSymTab)
 <LI><a href="#[179]">printf</a> from printf.o(.text) referenced from libc_syms.o(RTMSymTab)
 <LI><a href="#[18d]">pthread_atfork</a> from pthread.o(i.pthread_atfork) referenced from pthread.o(RTMSymTab)
 <LI><a href="#[196]">pthread_attr_destroy</a> from pthread_attr.o(i.pthread_attr_destroy) referenced from pthread_attr.o(RTMSymTab)
 <LI><a href="#[198]">pthread_attr_getdetachstate</a> from pthread_attr.o(i.pthread_attr_getdetachstate) referenced from pthread_attr.o(RTMSymTab)
 <LI><a href="#[1a3]">pthread_attr_getguardsize</a> from pthread_attr.o(i.pthread_attr_getguardsize) referenced from pthread_attr.o(RTMSymTab)
 <LI><a href="#[19c]">pthread_attr_getschedparam</a> from pthread_attr.o(i.pthread_attr_getschedparam) referenced from pthread_attr.o(RTMSymTab)
 <LI><a href="#[19a]">pthread_attr_getschedpolicy</a> from pthread_attr.o(i.pthread_attr_getschedpolicy) referenced from pthread_attr.o(RTMSymTab)
 <LI><a href="#[1a5]">pthread_attr_getscope</a> from pthread_attr.o(i.pthread_attr_getscope) referenced from pthread_attr.o(RTMSymTab)
 <LI><a href="#[1a2]">pthread_attr_getstack</a> from pthread_attr.o(i.pthread_attr_getstack) referenced from pthread_attr.o(RTMSymTab)
 <LI><a href="#[1a0]">pthread_attr_getstackaddr</a> from pthread_attr.o(i.pthread_attr_getstackaddr) referenced from pthread_attr.o(RTMSymTab)
 <LI><a href="#[19e]">pthread_attr_getstacksize</a> from pthread_attr.o(i.pthread_attr_getstacksize) referenced from pthread_attr.o(RTMSymTab)
 <LI><a href="#[195]">pthread_attr_init</a> from pthread_attr.o(i.pthread_attr_init) referenced from pthread_attr.o(RTMSymTab)
 <LI><a href="#[197]">pthread_attr_setdetachstate</a> from pthread_attr.o(i.pthread_attr_setdetachstate) referenced from pthread_attr.o(RTMSymTab)
 <LI><a href="#[19b]">pthread_attr_setschedparam</a> from pthread_attr.o(i.pthread_attr_setschedparam) referenced from pthread_attr.o(RTMSymTab)
 <LI><a href="#[199]">pthread_attr_setschedpolicy</a> from pthread_attr.o(i.pthread_attr_setschedpolicy) referenced from pthread_attr.o(RTMSymTab)
 <LI><a href="#[1a4]">pthread_attr_setscope</a> from pthread_attr.o(i.pthread_attr_setscope) referenced from pthread_attr.o(RTMSymTab)
 <LI><a href="#[1a1]">pthread_attr_setstack</a> from pthread_attr.o(i.pthread_attr_setstack) referenced from pthread_attr.o(RTMSymTab)
 <LI><a href="#[19f]">pthread_attr_setstackaddr</a> from pthread_attr.o(i.pthread_attr_setstackaddr) referenced from pthread_attr.o(RTMSymTab)
 <LI><a href="#[19d]">pthread_attr_setstacksize</a> from pthread_attr.o(i.pthread_attr_setstacksize) referenced from pthread_attr.o(RTMSymTab)
 <LI><a href="#[1aa]">pthread_barrier_destroy</a> from pthread_barrier.o(i.pthread_barrier_destroy) referenced from pthread_barrier.o(RTMSymTab)
 <LI><a href="#[1ab]">pthread_barrier_init</a> from pthread_barrier.o(i.pthread_barrier_init) referenced from pthread_barrier.o(RTMSymTab)
 <LI><a href="#[1ac]">pthread_barrier_wait</a> from pthread_barrier.o(i.pthread_barrier_wait) referenced from pthread_barrier.o(RTMSymTab)
 <LI><a href="#[1a6]">pthread_barrierattr_destroy</a> from pthread_barrier.o(i.pthread_barrierattr_destroy) referenced from pthread_barrier.o(RTMSymTab)
 <LI><a href="#[1a8]">pthread_barrierattr_getpshared</a> from pthread_barrier.o(i.pthread_barrierattr_getpshared) referenced from pthread_barrier.o(RTMSymTab)
 <LI><a href="#[1a7]">pthread_barrierattr_init</a> from pthread_barrier.o(i.pthread_barrierattr_init) referenced from pthread_barrier.o(RTMSymTab)
 <LI><a href="#[1a9]">pthread_barrierattr_setpshared</a> from pthread_barrier.o(i.pthread_barrierattr_setpshared) referenced from pthread_barrier.o(RTMSymTab)
 <LI><a href="#[194]">pthread_cancel</a> from pthread.o(i.pthread_cancel) referenced from pthread.o(RTMSymTab)
 <LI><a href="#[18f]">pthread_cleanup_pop</a> from pthread.o(i.pthread_cleanup_pop) referenced from pthread.o(RTMSymTab)
 <LI><a href="#[190]">pthread_cleanup_push</a> from pthread.o(i.pthread_cleanup_push) referenced from pthread.o(RTMSymTab)
 <LI><a href="#[1b5]">pthread_cond_broadcast</a> from pthread_cond.o(i.pthread_cond_broadcast) referenced from pthread_cond.o(RTMSymTab)
 <LI><a href="#[1b4]">pthread_cond_destroy</a> from pthread_cond.o(i.pthread_cond_destroy) referenced from pthread_cond.o(RTMSymTab)
 <LI><a href="#[1b3]">pthread_cond_init</a> from pthread_cond.o(i.pthread_cond_init) referenced from pthread_cond.o(RTMSymTab)
 <LI><a href="#[1b6]">pthread_cond_signal</a> from pthread_cond.o(i.pthread_cond_signal) referenced from pthread_cond.o(RTMSymTab)
 <LI><a href="#[1b9]">pthread_cond_timedwait</a> from pthread_cond.o(i.pthread_cond_timedwait) referenced from pthread_cond.o(RTMSymTab)
 <LI><a href="#[1b8]">pthread_cond_wait</a> from pthread_cond.o(i.pthread_cond_wait) referenced from pthread_cond.o(RTMSymTab)
 <LI><a href="#[1ad]">pthread_condattr_destroy</a> from pthread_cond.o(i.pthread_condattr_destroy) referenced from pthread_cond.o(RTMSymTab)
 <LI><a href="#[1af]">pthread_condattr_getclock</a> from pthread_cond.o(i.pthread_condattr_getclock) referenced from pthread_cond.o(RTMSymTab)
 <LI><a href="#[1b1]">pthread_condattr_getpshared</a> from pthread_cond.o(i.pthread_condattr_getpshared) referenced from pthread_cond.o(RTMSymTab)
 <LI><a href="#[1ae]">pthread_condattr_init</a> from pthread_cond.o(i.pthread_condattr_init) referenced from pthread_cond.o(RTMSymTab)
 <LI><a href="#[1b0]">pthread_condattr_setclock</a> from pthread_cond.o(i.pthread_condattr_setclock) referenced from pthread_cond.o(RTMSymTab)
 <LI><a href="#[1b2]">pthread_condattr_setpshared</a> from pthread_cond.o(i.pthread_condattr_setpshared) referenced from pthread_cond.o(RTMSymTab)
 <LI><a href="#[188]">pthread_create</a> from pthread.o(i.pthread_create) referenced from pthread.o(RTMSymTab)
 <LI><a href="#[189]">pthread_detach</a> from pthread.o(i.pthread_detach) referenced from pthread.o(RTMSymTab)
 <LI><a href="#[75]">pthread_entry_stub</a> from pthread.o(i.pthread_entry_stub) referenced from pthread.o(i.pthread_create)
 <LI><a href="#[18b]">pthread_exit</a> from pthread.o(i.pthread_exit) referenced from pthread.o(RTMSymTab)
 <LI><a href="#[1d2]">pthread_getspecific</a> from pthread_tls.o(i.pthread_getspecific) referenced from pthread_tls.o(RTMSymTab)
 <LI><a href="#[18a]">pthread_join</a> from pthread.o(i.pthread_join) referenced from pthread.o(RTMSymTab)
 <LI><a href="#[1d4]">pthread_key_create</a> from pthread_tls.o(i.pthread_key_create) referenced from pthread_tls.o(RTMSymTab)
 <LI><a href="#[1d5]">pthread_key_delete</a> from pthread_tls.o(i.pthread_key_delete) referenced from pthread_tls.o(RTMSymTab)
 <LI><a href="#[18e]">pthread_kill</a> from pthread.o(i.pthread_kill) referenced from pthread.o(RTMSymTab)
 <LI><a href="#[1c1]">pthread_mutex_destroy</a> from pthread_mutex.o(i.pthread_mutex_destroy) referenced from pthread_mutex.o(RTMSymTab)
 <LI><a href="#[1c0]">pthread_mutex_init</a> from pthread_mutex.o(i.pthread_mutex_init) referenced from pthread_mutex.o(RTMSymTab)
 <LI><a href="#[1c2]">pthread_mutex_lock</a> from pthread_mutex.o(i.pthread_mutex_lock) referenced from pthread_mutex.o(RTMSymTab)
 <LI><a href="#[1c4]">pthread_mutex_trylock</a> from pthread_mutex.o(i.pthread_mutex_trylock) referenced from pthread_mutex.o(RTMSymTab)
 <LI><a href="#[1c3]">pthread_mutex_unlock</a> from pthread_mutex.o(i.pthread_mutex_unlock) referenced from pthread_mutex.o(RTMSymTab)
 <LI><a href="#[1bb]">pthread_mutexattr_destroy</a> from pthread_mutex.o(i.pthread_mutexattr_destroy) referenced from pthread_mutex.o(RTMSymTab)
 <LI><a href="#[1bf]">pthread_mutexattr_getpshared</a> from pthread_mutex.o(i.pthread_mutexattr_getpshared) referenced from pthread_mutex.o(RTMSymTab)
 <LI><a href="#[1bc]">pthread_mutexattr_gettype</a> from pthread_mutex.o(i.pthread_mutexattr_gettype) referenced from pthread_mutex.o(RTMSymTab)
 <LI><a href="#[1ba]">pthread_mutexattr_init</a> from pthread_mutex.o(i.pthread_mutexattr_init) referenced from pthread_mutex.o(RTMSymTab)
 <LI><a href="#[1be]">pthread_mutexattr_setpshared</a> from pthread_mutex.o(i.pthread_mutexattr_setpshared) referenced from pthread_mutex.o(RTMSymTab)
 <LI><a href="#[1bd]">pthread_mutexattr_settype</a> from pthread_mutex.o(i.pthread_mutexattr_settype) referenced from pthread_mutex.o(RTMSymTab)
 <LI><a href="#[18c]">pthread_once</a> from pthread.o(i.pthread_once) referenced from pthread.o(RTMSymTab)
 <LI><a href="#[1ca]">pthread_rwlock_destroy</a> from pthread_rwlock.o(i.pthread_rwlock_destroy) referenced from pthread_rwlock.o(RTMSymTab)
 <LI><a href="#[1c9]">pthread_rwlock_init</a> from pthread_rwlock.o(i.pthread_rwlock_init) referenced from pthread_rwlock.o(RTMSymTab)
 <LI><a href="#[1cb]">pthread_rwlock_rdlock</a> from pthread_rwlock.o(i.pthread_rwlock_rdlock) referenced from pthread_rwlock.o(RTMSymTab)
 <LI><a href="#[1cd]">pthread_rwlock_timedrdlock</a> from pthread_rwlock.o(i.pthread_rwlock_timedrdlock) referenced from pthread_rwlock.o(RTMSymTab)
 <LI><a href="#[1ce]">pthread_rwlock_timedwrlock</a> from pthread_rwlock.o(i.pthread_rwlock_timedwrlock) referenced from pthread_rwlock.o(RTMSymTab)
 <LI><a href="#[1cc]">pthread_rwlock_tryrdlock</a> from pthread_rwlock.o(i.pthread_rwlock_tryrdlock) referenced from pthread_rwlock.o(RTMSymTab)
 <LI><a href="#[1cf]">pthread_rwlock_trywrlock</a> from pthread_rwlock.o(i.pthread_rwlock_trywrlock) referenced from pthread_rwlock.o(RTMSymTab)
 <LI><a href="#[1d0]">pthread_rwlock_unlock</a> from pthread_rwlock.o(i.pthread_rwlock_unlock) referenced from pthread_rwlock.o(RTMSymTab)
 <LI><a href="#[1d1]">pthread_rwlock_wrlock</a> from pthread_rwlock.o(i.pthread_rwlock_wrlock) referenced from pthread_rwlock.o(RTMSymTab)
 <LI><a href="#[1c6]">pthread_rwlockattr_destroy</a> from pthread_rwlock.o(i.pthread_rwlockattr_destroy) referenced from pthread_rwlock.o(RTMSymTab)
 <LI><a href="#[1c7]">pthread_rwlockattr_getpshared</a> from pthread_rwlock.o(i.pthread_rwlockattr_getpshared) referenced from pthread_rwlock.o(RTMSymTab)
 <LI><a href="#[1c5]">pthread_rwlockattr_init</a> from pthread_rwlock.o(i.pthread_rwlockattr_init) referenced from pthread_rwlock.o(RTMSymTab)
 <LI><a href="#[1c8]">pthread_rwlockattr_setpshared</a> from pthread_rwlock.o(i.pthread_rwlockattr_setpshared) referenced from pthread_rwlock.o(RTMSymTab)
 <LI><a href="#[191]">pthread_setcancelstate</a> from pthread.o(i.pthread_setcancelstate) referenced from pthread.o(RTMSymTab)
 <LI><a href="#[192]">pthread_setcanceltype</a> from pthread.o(i.pthread_setcanceltype) referenced from pthread.o(RTMSymTab)
 <LI><a href="#[1d3]">pthread_setspecific</a> from pthread_tls.o(i.pthread_setspecific) referenced from pthread_tls.o(RTMSymTab)
 <LI><a href="#[bc]">pthread_system_init</a> from pthread.o(i.pthread_system_init) referenced from pthread.o(.rti_fn.4)
 <LI><a href="#[193]">pthread_testcancel</a> from pthread.o(i.pthread_testcancel) referenced from pthread.o(RTMSymTab)
 <LI><a href="#[178]">puts</a> from puts.o(.text) referenced from libc_syms.o(RTMSymTab)
 <LI><a href="#[17b]">realloc</a> from mem_std.o(i.realloc) referenced from mem_std.o(RTMSymTab)
 <LI><a href="#[12b]">rt_assert_handler</a> from kservice.o(i.rt_assert_handler) referenced from kservice.o(RTMSymTab)
 <LI><a href="#[12e]">rt_calloc</a> from mem.o(i.rt_calloc) referenced from mem.o(RTMSymTab)
 <LI><a href="#[157]">rt_completion_done</a> from completion.o(i.rt_completion_done) referenced from completion.o(RTMSymTab)
 <LI><a href="#[155]">rt_completion_init</a> from completion.o(i.rt_completion_init) referenced from completion.o(RTMSymTab)
 <LI><a href="#[156]">rt_completion_wait</a> from completion.o(i.rt_completion_wait) referenced from completion.o(RTMSymTab)
 <LI><a href="#[125]">rt_console_get_device</a> from kservice.o(i.rt_console_get_device) referenced from kservice.o(RTMSymTab)
 <LI><a href="#[126]">rt_console_set_device</a> from kservice.o(i.rt_console_set_device) referenced from kservice.o(RTMSymTab)
 <LI><a href="#[140]">rt_critical_level</a> from scheduler.o(i.rt_critical_level) referenced from scheduler.o(RTMSymTab)
 <LI><a href="#[158]">rt_data_queue_init</a> from dataqueue.o(i.rt_data_queue_init) referenced from dataqueue.o(RTMSymTab)
 <LI><a href="#[15b]">rt_data_queue_peak</a> from dataqueue.o(i.rt_data_queue_peak) referenced from dataqueue.o(RTMSymTab)
 <LI><a href="#[15a]">rt_data_queue_pop</a> from dataqueue.o(i.rt_data_queue_pop) referenced from dataqueue.o(RTMSymTab)
 <LI><a href="#[159]">rt_data_queue_push</a> from dataqueue.o(i.rt_data_queue_push) referenced from dataqueue.o(RTMSymTab)
 <LI><a href="#[15c]">rt_data_queue_reset</a> from dataqueue.o(i.rt_data_queue_reset) referenced from dataqueue.o(RTMSymTab)
 <LI><a href="#[e1]">rt_device_close</a> from device.o(i.rt_device_close) referenced from device.o(RTMSymTab)
 <LI><a href="#[e4]">rt_device_control</a> from device.o(i.rt_device_control) referenced from device.o(RTMSymTab)
 <LI><a href="#[de]">rt_device_create</a> from device.o(i.rt_device_create) referenced from device.o(RTMSymTab)
 <LI><a href="#[df]">rt_device_destroy</a> from device.o(i.rt_device_destroy) referenced from device.o(RTMSymTab)
 <LI><a href="#[dd]">rt_device_find</a> from device.o(i.rt_device_find) referenced from device.o(RTMSymTab)
 <LI><a href="#[e0]">rt_device_open</a> from device.o(i.rt_device_open) referenced from device.o(RTMSymTab)
 <LI><a href="#[e2]">rt_device_read</a> from device.o(i.rt_device_read) referenced from device.o(RTMSymTab)
 <LI><a href="#[db]">rt_device_register</a> from device.o(i.rt_device_register) referenced from device.o(RTMSymTab)
 <LI><a href="#[e5]">rt_device_set_rx_indicate</a> from device.o(i.rt_device_set_rx_indicate) referenced from device.o(RTMSymTab)
 <LI><a href="#[e6]">rt_device_set_tx_complete</a> from device.o(i.rt_device_set_tx_complete) referenced from device.o(RTMSymTab)
 <LI><a href="#[dc]">rt_device_unregister</a> from device.o(i.rt_device_unregister) referenced from device.o(RTMSymTab)
 <LI><a href="#[e3]">rt_device_write</a> from device.o(i.rt_device_write) referenced from device.o(RTMSymTab)
 <LI><a href="#[13e]">rt_enter_critical</a> from scheduler.o(i.rt_enter_critical) referenced from scheduler.o(RTMSymTab)
 <LI><a href="#[fc]">rt_event_control</a> from ipc.o(i.rt_event_control) referenced from ipc.o(RTMSymTab)
 <LI><a href="#[f8]">rt_event_create</a> from ipc.o(i.rt_event_create) referenced from ipc.o(RTMSymTab)
 <LI><a href="#[f9]">rt_event_delete</a> from ipc.o(i.rt_event_delete) referenced from ipc.o(RTMSymTab)
 <LI><a href="#[f7]">rt_event_detach</a> from ipc.o(i.rt_event_detach) referenced from ipc.o(RTMSymTab)
 <LI><a href="#[f6]">rt_event_init</a> from ipc.o(i.rt_event_init) referenced from ipc.o(RTMSymTab)
 <LI><a href="#[fb]">rt_event_recv</a> from ipc.o(i.rt_event_recv) referenced from ipc.o(RTMSymTab)
 <LI><a href="#[fa]">rt_event_send</a> from ipc.o(i.rt_event_send) referenced from ipc.o(RTMSymTab)
 <LI><a href="#[13f]">rt_exit_critical</a> from scheduler.o(i.rt_exit_critical) referenced from scheduler.o(RTMSymTab)
 <LI><a href="#[12f]">rt_free</a> from mem.o(i.rt_free) referenced from mem.o(RTMSymTab)
 <LI><a href="#[12a]">rt_free_align</a> from kservice.o(i.rt_free_align) referenced from kservice.o(RTMSymTab)
 <LI><a href="#[112]">rt_get_errno</a> from kservice.o(i.rt_get_errno) referenced from kservice.o(RTMSymTab)
 <LI><a href="#[127]">rt_hw_console_output</a> from kservice.o(i.rt_hw_console_output) referenced from kservice.o(RTMSymTab)
 <LI><a href="#[110]">rt_hw_interrupt_disable</a> from context_rvds.o(.text) referenced from irq.o(RTMSymTab)
 <LI><a href="#[111]">rt_hw_interrupt_enable</a> from context_rvds.o(.text) referenced from irq.o(RTMSymTab)
 <LI><a href="#[77]">rt_init_thread_entry</a> from application.o(i.rt_init_thread_entry) referenced from application.o(i.rt_application_init)
 <LI><a href="#[10d]">rt_interrupt_enter</a> from irq.o(i.rt_interrupt_enter) referenced from irq.o(RTMSymTab)
 <LI><a href="#[10f]">rt_interrupt_get_nest</a> from irq.o(i.rt_interrupt_get_nest) referenced from irq.o(RTMSymTab)
 <LI><a href="#[10e]">rt_interrupt_leave</a> from irq.o(i.rt_interrupt_leave) referenced from irq.o(RTMSymTab)
 <LI><a href="#[128]">rt_kprintf</a> from kservice.o(i.rt_kprintf) referenced from kservice.o(RTMSymTab)
 <LI><a href="#[12c]">rt_malloc</a> from mem.o(i.rt_malloc) referenced from mem.o(RTMSymTab)
 <LI><a href="#[129]">rt_malloc_align</a> from kservice.o(i.rt_malloc_align) referenced from kservice.o(RTMSymTab)
 <LI><a href="#[104]">rt_mb_control</a> from ipc.o(i.rt_mb_control) referenced from ipc.o(RTMSymTab)
 <LI><a href="#[ff]">rt_mb_create</a> from ipc.o(i.rt_mb_create) referenced from ipc.o(RTMSymTab)
 <LI><a href="#[100]">rt_mb_delete</a> from ipc.o(i.rt_mb_delete) referenced from ipc.o(RTMSymTab)
 <LI><a href="#[fe]">rt_mb_detach</a> from ipc.o(i.rt_mb_detach) referenced from ipc.o(RTMSymTab)
 <LI><a href="#[fd]">rt_mb_init</a> from ipc.o(i.rt_mb_init) referenced from ipc.o(RTMSymTab)
 <LI><a href="#[103]">rt_mb_recv</a> from ipc.o(i.rt_mb_recv) referenced from ipc.o(RTMSymTab)
 <LI><a href="#[102]">rt_mb_send</a> from ipc.o(i.rt_mb_send) referenced from ipc.o(RTMSymTab)
 <LI><a href="#[101]">rt_mb_send_wait</a> from ipc.o(i.rt_mb_send_wait) referenced from ipc.o(RTMSymTab)
 <LI><a href="#[118]">rt_memcmp</a> from kservice.o(i.rt_memcmp) referenced from kservice.o(RTMSymTab)
 <LI><a href="#[116]">rt_memcpy</a> from kservice.o(i.rt_memcpy) referenced from kservice.o(RTMSymTab)
 <LI><a href="#[132]">rt_memheap_alloc</a> from memheap.o(i.rt_memheap_alloc) referenced from memheap.o(RTMSymTab)
 <LI><a href="#[131]">rt_memheap_detach</a> from memheap.o(i.rt_memheap_detach) referenced from memheap.o(RTMSymTab)
 <LI><a href="#[134]">rt_memheap_free</a> from memheap.o(i.rt_memheap_free) referenced from memheap.o(RTMSymTab)
 <LI><a href="#[130]">rt_memheap_init</a> from memheap.o(i.rt_memheap_init) referenced from memheap.o(RTMSymTab)
 <LI><a href="#[133]">rt_memheap_realloc</a> from memheap.o(i.rt_memheap_realloc) referenced from memheap.o(RTMSymTab)
 <LI><a href="#[117]">rt_memmove</a> from kservice.o(i.rt_memmove) referenced from kservice.o(RTMSymTab)
 <LI><a href="#[115]">rt_memset</a> from kservice.o(i.rt_memset) referenced from kservice.o(RTMSymTab)
 <LI><a href="#[13c]">rt_module_find</a> from module.o(i.rt_module_find) referenced from module.o(RTMSymTab)
 <LI><a href="#[13b]">rt_module_self</a> from module.o(i.rt_module_self) referenced from module.o(RTMSymTab)
 <LI><a href="#[139]">rt_mp_alloc</a> from mempool.o(i.rt_mp_alloc) referenced from mempool.o(RTMSymTab)
 <LI><a href="#[137]">rt_mp_create</a> from mempool.o(i.rt_mp_create) referenced from mempool.o(RTMSymTab)
 <LI><a href="#[138]">rt_mp_delete</a> from mempool.o(i.rt_mp_delete) referenced from mempool.o(RTMSymTab)
 <LI><a href="#[136]">rt_mp_detach</a> from mempool.o(i.rt_mp_detach) referenced from mempool.o(RTMSymTab)
 <LI><a href="#[13a]">rt_mp_free</a> from mempool.o(i.rt_mp_free) referenced from mempool.o(RTMSymTab)
 <LI><a href="#[135]">rt_mp_init</a> from mempool.o(i.rt_mp_init) referenced from mempool.o(RTMSymTab)
 <LI><a href="#[10c]">rt_mq_control</a> from ipc.o(i.rt_mq_control) referenced from ipc.o(RTMSymTab)
 <LI><a href="#[107]">rt_mq_create</a> from ipc.o(i.rt_mq_create) referenced from ipc.o(RTMSymTab)
 <LI><a href="#[108]">rt_mq_delete</a> from ipc.o(i.rt_mq_delete) referenced from ipc.o(RTMSymTab)
 <LI><a href="#[106]">rt_mq_detach</a> from ipc.o(i.rt_mq_detach) referenced from ipc.o(RTMSymTab)
 <LI><a href="#[105]">rt_mq_init</a> from ipc.o(i.rt_mq_init) referenced from ipc.o(RTMSymTab)
 <LI><a href="#[10b]">rt_mq_recv</a> from ipc.o(i.rt_mq_recv) referenced from ipc.o(RTMSymTab)
 <LI><a href="#[109]">rt_mq_send</a> from ipc.o(i.rt_mq_send) referenced from ipc.o(RTMSymTab)
 <LI><a href="#[10a]">rt_mq_urgent</a> from ipc.o(i.rt_mq_urgent) referenced from ipc.o(RTMSymTab)
 <LI><a href="#[f5]">rt_mutex_control</a> from ipc.o(i.rt_mutex_control) referenced from ipc.o(RTMSymTab)
 <LI><a href="#[f1]">rt_mutex_create</a> from ipc.o(i.rt_mutex_create) referenced from ipc.o(RTMSymTab)
 <LI><a href="#[f2]">rt_mutex_delete</a> from ipc.o(i.rt_mutex_delete) referenced from ipc.o(RTMSymTab)
 <LI><a href="#[f0]">rt_mutex_detach</a> from ipc.o(i.rt_mutex_detach) referenced from ipc.o(RTMSymTab)
 <LI><a href="#[ef]">rt_mutex_init</a> from ipc.o(i.rt_mutex_init) referenced from ipc.o(RTMSymTab)
 <LI><a href="#[f4]">rt_mutex_release</a> from ipc.o(i.rt_mutex_release) referenced from ipc.o(RTMSymTab)
 <LI><a href="#[f3]">rt_mutex_take</a> from ipc.o(i.rt_mutex_take) referenced from ipc.o(RTMSymTab)
 <LI><a href="#[13d]">rt_object_get_information</a> from object.o(i.rt_object_get_information) referenced from object.o(RTMSymTab)
 <LI><a href="#[c2]">rt_pin_mode</a> from pin.o(i.rt_pin_mode) referenced from pin.o(FSymTab)
 <LI><a href="#[c4]">rt_pin_read</a> from pin.o(i.rt_pin_read) referenced from pin.o(FSymTab)
 <LI><a href="#[c3]">rt_pin_write</a> from pin.o(i.rt_pin_write) referenced from pin.o(FSymTab)
 <LI><a href="#[12d]">rt_realloc</a> from mem.o(i.rt_realloc) referenced from mem.o(RTMSymTab)
 <LI><a href="#[166]">rt_ringbuffer_create</a> from ringbuffer.o(i.rt_ringbuffer_create) referenced from ringbuffer.o(RTMSymTab)
 <LI><a href="#[164]">rt_ringbuffer_data_len</a> from ringbuffer.o(i.rt_ringbuffer_data_len) referenced from ringbuffer.o(RTMSymTab)
 <LI><a href="#[167]">rt_ringbuffer_destroy</a> from ringbuffer.o(i.rt_ringbuffer_destroy) referenced from ringbuffer.o(RTMSymTab)
 <LI><a href="#[160]">rt_ringbuffer_get</a> from ringbuffer.o(i.rt_ringbuffer_get) referenced from ringbuffer.o(RTMSymTab)
 <LI><a href="#[163]">rt_ringbuffer_getchar</a> from ringbuffer.o(i.rt_ringbuffer_getchar) referenced from ringbuffer.o(RTMSymTab)
 <LI><a href="#[15d]">rt_ringbuffer_init</a> from ringbuffer.o(i.rt_ringbuffer_init) referenced from ringbuffer.o(RTMSymTab)
 <LI><a href="#[15e]">rt_ringbuffer_put</a> from ringbuffer.o(i.rt_ringbuffer_put) referenced from ringbuffer.o(RTMSymTab)
 <LI><a href="#[15f]">rt_ringbuffer_put_force</a> from ringbuffer.o(i.rt_ringbuffer_put_force) referenced from ringbuffer.o(RTMSymTab)
 <LI><a href="#[161]">rt_ringbuffer_putchar</a> from ringbuffer.o(i.rt_ringbuffer_putchar) referenced from ringbuffer.o(RTMSymTab)
 <LI><a href="#[162]">rt_ringbuffer_putchar_force</a> from ringbuffer.o(i.rt_ringbuffer_putchar_force) referenced from ringbuffer.o(RTMSymTab)
 <LI><a href="#[165]">rt_ringbuffer_reset</a> from ringbuffer.o(i.rt_ringbuffer_reset) referenced from ringbuffer.o(RTMSymTab)
 <LI><a href="#[b7]">rt_sdram_hw_init</a> from drv_sdram.o(i.rt_sdram_hw_init) referenced from drv_sdram.o(.rti_fn.1)
 <LI><a href="#[ee]">rt_sem_control</a> from ipc.o(i.rt_sem_control) referenced from ipc.o(RTMSymTab)
 <LI><a href="#[e9]">rt_sem_create</a> from ipc.o(i.rt_sem_create) referenced from ipc.o(RTMSymTab)
 <LI><a href="#[ea]">rt_sem_delete</a> from ipc.o(i.rt_sem_delete) referenced from ipc.o(RTMSymTab)
 <LI><a href="#[e8]">rt_sem_detach</a> from ipc.o(i.rt_sem_detach) referenced from ipc.o(RTMSymTab)
 <LI><a href="#[e7]">rt_sem_init</a> from ipc.o(i.rt_sem_init) referenced from ipc.o(RTMSymTab)
 <LI><a href="#[ed]">rt_sem_release</a> from ipc.o(i.rt_sem_release) referenced from ipc.o(RTMSymTab)
 <LI><a href="#[eb]">rt_sem_take</a> from ipc.o(i.rt_sem_take) referenced from ipc.o(RTMSymTab)
 <LI><a href="#[ec]">rt_sem_trytake</a> from ipc.o(i.rt_sem_trytake) referenced from ipc.o(RTMSymTab)
 <LI><a href="#[7a]">rt_serial_close</a> from serial.o(i.rt_serial_close) referenced from serial.o(i.rt_hw_serial_register)
 <LI><a href="#[7d]">rt_serial_control</a> from serial.o(i.rt_serial_control) referenced from serial.o(i.rt_hw_serial_register)
 <LI><a href="#[78]">rt_serial_init</a> from serial.o(i.rt_serial_init) referenced from serial.o(i.rt_hw_serial_register)
 <LI><a href="#[79]">rt_serial_open</a> from serial.o(i.rt_serial_open) referenced from serial.o(i.rt_hw_serial_register)
 <LI><a href="#[7b]">rt_serial_read</a> from serial.o(i.rt_serial_read) referenced from serial.o(i.rt_hw_serial_register)
 <LI><a href="#[7c]">rt_serial_write</a> from serial.o(i.rt_serial_write) referenced from serial.o(i.rt_hw_serial_register)
 <LI><a href="#[113]">rt_set_errno</a> from kservice.o(i.rt_set_errno) referenced from kservice.o(RTMSymTab)
 <LI><a href="#[120]">rt_show_version</a> from kservice.o(i.rt_show_version) referenced from kservice.o(RTMSymTab)
 <LI><a href="#[122]">rt_snprintf</a> from kservice.o(i.rt_snprintf) referenced from kservice.o(RTMSymTab)
 <LI><a href="#[124]">rt_sprintf</a> from kservice.o(i.rt_sprintf) referenced from kservice.o(RTMSymTab)
 <LI><a href="#[11a]">rt_strcasecmp</a> from kservice.o(i.rt_strcasecmp) referenced from kservice.o(RTMSymTab)
 <LI><a href="#[11d]">rt_strcmp</a> from kservice.o(i.rt_strcmp) referenced from kservice.o(RTMSymTab)
 <LI><a href="#[11f]">rt_strdup</a> from kservice.o(i.rt_strdup) referenced from kservice.o(RTMSymTab)
 <LI><a href="#[11e]">rt_strlen</a> from kservice.o(i.rt_strlen) referenced from kservice.o(RTMSymTab)
 <LI><a href="#[11c]">rt_strncmp</a> from kservice.o(i.rt_strncmp) referenced from kservice.o(RTMSymTab)
 <LI><a href="#[11b]">rt_strncpy</a> from kservice.o(i.rt_strncpy) referenced from kservice.o(RTMSymTab)
 <LI><a href="#[119]">rt_strstr</a> from kservice.o(i.rt_strstr) referenced from kservice.o(RTMSymTab)
 <LI><a href="#[b9]">rt_system_module_init</a> from module.o(i.rt_system_module_init) referenced from module.o(.rti_fn.4)
 <LI><a href="#[14a]">rt_thread_control</a> from thread.o(i.rt_thread_control) referenced from thread.o(RTMSymTab)
 <LI><a href="#[145]">rt_thread_create</a> from thread.o(i.rt_thread_create) referenced from thread.o(RTMSymTab)
 <LI><a href="#[148]">rt_thread_delay</a> from thread.o(i.rt_thread_delay) referenced from thread.o(RTMSymTab)
 <LI><a href="#[146]">rt_thread_delete</a> from thread.o(i.rt_thread_delete) referenced from thread.o(RTMSymTab)
 <LI><a href="#[144]">rt_thread_detach</a> from thread.o(i.rt_thread_detach) referenced from thread.o(RTMSymTab)
 <LI><a href="#[71]">rt_thread_exit</a> from thread.o(i.rt_thread_exit) referenced from thread.o(i._rt_thread_init)
 <LI><a href="#[14d]">rt_thread_find</a> from thread.o(i.rt_thread_find) referenced from thread.o(RTMSymTab)
 <LI><a href="#[7f]">rt_thread_idle_entry</a> from idle.o(i.rt_thread_idle_entry) referenced from idle.o(i.rt_thread_idle_init)
 <LI><a href="#[141]">rt_thread_init</a> from thread.o(i.rt_thread_init) referenced from thread.o(RTMSymTab)
 <LI><a href="#[149]">rt_thread_mdelay</a> from thread.o(i.rt_thread_mdelay) referenced from thread.o(RTMSymTab)
 <LI><a href="#[14c]">rt_thread_resume</a> from thread.o(i.rt_thread_resume) referenced from thread.o(RTMSymTab)
 <LI><a href="#[142]">rt_thread_self</a> from thread.o(i.rt_thread_self) referenced from thread.o(RTMSymTab)
 <LI><a href="#[143]">rt_thread_startup</a> from thread.o(i.rt_thread_startup) referenced from thread.o(RTMSymTab)
 <LI><a href="#[14b]">rt_thread_suspend</a> from thread.o(i.rt_thread_suspend) referenced from thread.o(RTMSymTab)
 <LI><a href="#[72]">rt_thread_timeout</a> from thread.o(i.rt_thread_timeout) referenced from thread.o(RTMSymTab)
 <LI><a href="#[72]">rt_thread_timeout</a> from thread.o(i.rt_thread_timeout) referenced from thread.o(i._rt_thread_init)
 <LI><a href="#[7e]">rt_thread_timer_entry</a> from timer.o(i.rt_thread_timer_entry) referenced from timer.o(i.rt_system_timer_thread_init)
 <LI><a href="#[147]">rt_thread_yield</a> from thread.o(i.rt_thread_yield) referenced from thread.o(RTMSymTab)
 <LI><a href="#[da]">rt_tick_from_millisecond</a> from clock.o(i.rt_tick_from_millisecond) referenced from clock.o(RTMSymTab)
 <LI><a href="#[d9]">rt_tick_get</a> from clock.o(i.rt_tick_get) referenced from clock.o(RTMSymTab)
 <LI><a href="#[154]">rt_timer_control</a> from timer.o(i.rt_timer_control) referenced from timer.o(RTMSymTab)
 <LI><a href="#[150]">rt_timer_create</a> from timer.o(i.rt_timer_create) referenced from timer.o(RTMSymTab)
 <LI><a href="#[151]">rt_timer_delete</a> from timer.o(i.rt_timer_delete) referenced from timer.o(RTMSymTab)
 <LI><a href="#[14f]">rt_timer_detach</a> from timer.o(i.rt_timer_detach) referenced from timer.o(RTMSymTab)
 <LI><a href="#[14e]">rt_timer_init</a> from timer.o(i.rt_timer_init) referenced from timer.o(RTMSymTab)
 <LI><a href="#[152]">rt_timer_start</a> from timer.o(i.rt_timer_start) referenced from timer.o(RTMSymTab)
 <LI><a href="#[153]">rt_timer_stop</a> from timer.o(i.rt_timer_stop) referenced from timer.o(RTMSymTab)
 <LI><a href="#[121]">rt_vsnprintf</a> from kservice.o(i.rt_vsnprintf) referenced from kservice.o(RTMSymTab)
 <LI><a href="#[123]">rt_vsprintf</a> from kservice.o(i.rt_vsprintf) referenced from kservice.o(RTMSymTab)
 <LI><a href="#[b8]">rti_board_end</a> from components.o(i.rti_board_end) referenced from components.o(.rti_fn.1.end)
 <LI><a href="#[b5]">rti_board_start</a> from components.o(i.rti_board_start) referenced from components.o(.rti_fn.0.end)
 <LI><a href="#[bf]">rti_end</a> from components.o(i.rti_end) referenced from components.o(.rti_fn.6.end)
 <LI><a href="#[b4]">rti_start</a> from components.o(i.rti_start) referenced from components.o(.rti_fn.0)
 <LI><a href="#[1d8]">sched_get_priority_max</a> from sched.o(i.sched_get_priority_max) referenced from sched.o(RTMSymTab)
 <LI><a href="#[1d7]">sched_get_priority_min</a> from sched.o(i.sched_get_priority_min) referenced from sched.o(RTMSymTab)
 <LI><a href="#[1d9]">sched_setscheduler</a> from sched.o(i.sched_setscheduler) referenced from sched.o(RTMSymTab)
 <LI><a href="#[1d6]">sched_yield</a> from sched.o(i.sched_yield) referenced from sched.o(RTMSymTab)
 <LI><a href="#[1da]">sem_close</a> from semaphore_1.o(i.sem_close) referenced from semaphore_1.o(RTMSymTab)
 <LI><a href="#[1db]">sem_destroy</a> from semaphore_1.o(i.sem_destroy) referenced from semaphore_1.o(RTMSymTab)
 <LI><a href="#[1dd]">sem_getvalue</a> from semaphore_1.o(i.sem_getvalue) referenced from semaphore_1.o(RTMSymTab)
 <LI><a href="#[1de]">sem_init</a> from semaphore_1.o(i.sem_init) referenced from semaphore_1.o(RTMSymTab)
 <LI><a href="#[1df]">sem_open</a> from semaphore_1.o(i.sem_open) referenced from semaphore_1.o(RTMSymTab)
 <LI><a href="#[1e0]">sem_post</a> from semaphore_1.o(i.sem_post) referenced from semaphore_1.o(RTMSymTab)
 <LI><a href="#[1e1]">sem_timedwait</a> from semaphore_1.o(i.sem_timedwait) referenced from semaphore_1.o(RTMSymTab)
 <LI><a href="#[1e2]">sem_trywait</a> from semaphore_1.o(i.sem_trywait) referenced from semaphore_1.o(RTMSymTab)
 <LI><a href="#[1dc]">sem_unlink</a> from semaphore_1.o(i.sem_unlink) referenced from semaphore_1.o(RTMSymTab)
 <LI><a href="#[1e3]">sem_wait</a> from semaphore_1.o(i.sem_wait) referenced from semaphore_1.o(RTMSymTab)
 <LI><a href="#[80]">stm32_configure</a> from usart.o(i.stm32_configure) referenced from usart.o(.constdata)
 <LI><a href="#[81]">stm32_control</a> from usart.o(i.stm32_control) referenced from usart.o(.constdata)
 <LI><a href="#[83]">stm32_getc</a> from usart.o(i.stm32_getc) referenced from usart.o(.constdata)
 <LI><a href="#[b6]">stm32_hw_usart_init</a> from usart.o(i.stm32_hw_usart_init) referenced from usart.o(.rti_fn.1)
 <LI><a href="#[82]">stm32_putc</a> from usart.o(i.stm32_putc) referenced from usart.o(.constdata)
 <LI><a href="#[16f]">strcat</a> from strcat.o(.text) referenced from libc_syms.o(RTMSymTab)
 <LI><a href="#[16a]">strchr</a> from strchr.o(.text) referenced from libc_syms.o(RTMSymTab)
 <LI><a href="#[16d]">strcmp</a> from strcmpv7m.o(.text) referenced from libc_syms.o(RTMSymTab)
 <LI><a href="#[16b]">strcpy</a> from strcpy.o(.text) referenced from libc_syms.o(RTMSymTab)
 <LI><a href="#[169]">strlen</a> from strlen.o(.text) referenced from libc_syms.o(RTMSymTab)
 <LI><a href="#[16e]">strncmp</a> from strncmp.o(.text) referenced from libc_syms.o(RTMSymTab)
 <LI><a href="#[16c]">strncpy</a> from strncpy.o(.text) referenced from libc_syms.o(RTMSymTab)
 <LI><a href="#[168]">strstr</a> from strstr.o(.text) referenced from libc_syms.o(RTMSymTab)
 <LI><a href="#[170]">strtol</a> from strtol.o(.text) referenced from libc_syms.o(RTMSymTab)
 <LI><a href="#[176]">toupper</a> from toupper.o(.text) referenced from libc_syms.o(RTMSymTab)
 <LI><a href="#[c6]">version</a> from cmd.o(i.version) referenced 2 times from cmd.o(FSymTab)
</UL>
<P>
<H3>
Global Symbols
</H3>
<P><STRONG><a name="[1e8]"></a>__main</STRONG> (Thumb, 8 bytes, Stack size 0 bytes, __main.o(!!!main))
<BR><BR>[Calls]<UL><LI><a href="#[1ea]">&gt;&gt;</a>&nbsp;&nbsp;&nbsp;__rt_entry
<LI><a href="#[1e9]">&gt;&gt;</a>&nbsp;&nbsp;&nbsp;__scatterload
</UL>

<P><STRONG><a name="[1e9]"></a>__scatterload</STRONG> (Thumb, 0 bytes, Stack size unknown bytes, __scatter.o(!!!scatter))
<BR><BR>[Called By]<UL><LI><a href="#[1e8]">&gt;&gt;</a>&nbsp;&nbsp;&nbsp;__main
</UL>

<P><STRONG><a name="[1eb]"></a>__scatterload_rt2</STRONG> (Thumb, 44 bytes, Stack size unknown bytes, __scatter.o(!!!scatter), UNUSED)
<BR><BR>[Calls]<UL><LI><a href="#[1ea]">&gt;&gt;</a>&nbsp;&nbsp;&nbsp;__rt_entry
</UL>

<P><STRONG><a name="[352]"></a>__scatterload_rt2_thumb_only</STRONG> (Thumb, 0 bytes, Stack size unknown bytes, __scatter.o(!!!scatter), UNUSED)

<P><STRONG><a name="[353]"></a>__scatterload_null</STRONG> (Thumb, 0 bytes, Stack size unknown bytes, __scatter.o(!!!scatter), UNUSED)

<P><STRONG><a name="[354]"></a>__decompress</STRONG> (Thumb, 90 bytes, Stack size unknown bytes, __dczerorl2.o(!!dczerorl2), UNUSED)

<P><STRONG><a name="[355]"></a>__decompress1</STRONG> (Thumb, 0 bytes, Stack size unknown bytes, __dczerorl2.o(!!dczerorl2), UNUSED)

<P><STRONG><a name="[356]"></a>__scatterload_zeroinit</STRONG> (Thumb, 28 bytes, Stack size unknown bytes, __scatter_zi.o(!!handler_zi), UNUSED)

<P><STRONG><a name="[1ec]"></a>_printf_n</STRONG> (Thumb, 0 bytes, Stack size unknown bytes, _printf_n.o(.ARM.Collect$$_printf_percent$$00000001))
<BR><BR>[Calls]<UL><LI><a href="#[1ed]">&gt;&gt;</a>&nbsp;&nbsp;&nbsp;_printf_charcount
</UL>

<P><STRONG><a name="[240]"></a>_printf_percent</STRONG> (Thumb, 0 bytes, Stack size unknown bytes, _printf_percent.o(.ARM.Collect$$_printf_percent$$00000000))
<BR><BR>[Called By]<UL><LI><a href="#[23e]">&gt;&gt;</a>&nbsp;&nbsp;&nbsp;__printf
</UL>

<P><STRONG><a name="[1ee]"></a>_printf_p</STRONG> (Thumb, 0 bytes, Stack size unknown bytes, _printf_p.o(.ARM.Collect$$_printf_percent$$00000002))
<BR><BR>[Stack]<UL><LI>Max Depth = 64 + Unknown Stack Size
<LI>Call Chain = _printf_p &rArr; _printf_hex_ptr &rArr; _printf_longlong_hex &rArr; _printf_int_common &rArr; _printf_post_padding
</UL>
<BR>[Calls]<UL><LI><a href="#[1ef]">&gt;&gt;</a>&nbsp;&nbsp;&nbsp;_printf_hex_ptr
</UL>

<P><STRONG><a name="[1f0]"></a>_printf_f</STRONG> (Thumb, 0 bytes, Stack size unknown bytes, _printf_f.o(.ARM.Collect$$_printf_percent$$00000003))
<BR><BR>[Stack]<UL><LI>Max Depth = 324 + Unknown Stack Size
<LI>Call Chain = _printf_f &rArr; _printf_fp_dec &rArr; _printf_fp_dec_real &rArr; _fp_digits &rArr; _btod_etento &rArr; _btod_emul &rArr; _e2e
</UL>
<BR>[Calls]<UL><LI><a href="#[1f1]">&gt;&gt;</a>&nbsp;&nbsp;&nbsp;_printf_fp_dec
</UL>

<P><STRONG><a name="[1f2]"></a>_printf_e</STRONG> (Thumb, 0 bytes, Stack size unknown bytes, _printf_e.o(.ARM.Collect$$_printf_percent$$00000004))
<BR><BR>[Stack]<UL><LI>Max Depth = 324 + Unknown Stack Size
<LI>Call Chain = _printf_e &rArr; _printf_fp_dec &rArr; _printf_fp_dec_real &rArr; _fp_digits &rArr; _btod_etento &rArr; _btod_emul &rArr; _e2e
</UL>
<BR>[Calls]<UL><LI><a href="#[1f1]">&gt;&gt;</a>&nbsp;&nbsp;&nbsp;_printf_fp_dec
</UL>

<P><STRONG><a name="[1f3]"></a>_printf_g</STRONG> (Thumb, 0 bytes, Stack size unknown bytes, _printf_g.o(.ARM.Collect$$_printf_percent$$00000005))
<BR><BR>[Stack]<UL><LI>Max Depth = 324 + Unknown Stack Size
<LI>Call Chain = _printf_g &rArr; _printf_fp_dec &rArr; _printf_fp_dec_real &rArr; _fp_digits &rArr; _btod_etento &rArr; _btod_emul &rArr; _e2e
</UL>
<BR>[Calls]<UL><LI><a href="#[1f1]">&gt;&gt;</a>&nbsp;&nbsp;&nbsp;_printf_fp_dec
</UL>

<P><STRONG><a name="[1f4]"></a>_printf_a</STRONG> (Thumb, 0 bytes, Stack size unknown bytes, _printf_a.o(.ARM.Collect$$_printf_percent$$00000006))
<BR><BR>[Stack]<UL><LI>Max Depth = 112 + Unknown Stack Size
<LI>Call Chain = _printf_a &rArr; _printf_fp_hex &rArr; _printf_fp_hex_real &rArr; _printf_fp_infnan &rArr; _printf_post_padding
</UL>
<BR>[Calls]<UL><LI><a href="#[1f5]">&gt;&gt;</a>&nbsp;&nbsp;&nbsp;_printf_fp_hex
</UL>

<P><STRONG><a name="[357]"></a>_printf_ll</STRONG> (Thumb, 0 bytes, Stack size unknown bytes, _printf_ll.o(.ARM.Collect$$_printf_percent$$00000007))

<P><STRONG><a name="[1f6]"></a>_printf_i</STRONG> (Thumb, 0 bytes, Stack size unknown bytes, _printf_i.o(.ARM.Collect$$_printf_percent$$00000008))
<BR><BR>[Stack]<UL><LI>Max Depth = 72 + Unknown Stack Size
<LI>Call Chain = _printf_i &rArr; _printf_int_dec &rArr; _printf_int_common &rArr; _printf_post_padding
</UL>
<BR>[Calls]<UL><LI><a href="#[1f7]">&gt;&gt;</a>&nbsp;&nbsp;&nbsp;_printf_int_dec
</UL>

<P><STRONG><a name="[1f8]"></a>_printf_d</STRONG> (Thumb, 0 bytes, Stack size unknown bytes, _printf_d.o(.ARM.Collect$$_printf_percent$$00000009))
<BR><BR>[Stack]<UL><LI>Max Depth = 72 + Unknown Stack Size
<LI>Call Chain = _printf_d &rArr; _printf_int_dec &rArr; _printf_int_common &rArr; _printf_post_padding
</UL>
<BR>[Calls]<UL><LI><a href="#[1f7]">&gt;&gt;</a>&nbsp;&nbsp;&nbsp;_printf_int_dec
</UL>

<P><STRONG><a name="[1f9]"></a>_printf_u</STRONG> (Thumb, 0 bytes, Stack size unknown bytes, _printf_u.o(.ARM.Collect$$_printf_percent$$0000000A))
<BR><BR>[Stack]<UL><LI>Max Depth = 72 + Unknown Stack Size
<LI>Call Chain = _printf_u &rArr; _printf_int_dec &rArr; _printf_int_common &rArr; _printf_post_padding
</UL>
<BR>[Calls]<UL><LI><a href="#[1f7]">&gt;&gt;</a>&nbsp;&nbsp;&nbsp;_printf_int_dec
</UL>

<P><STRONG><a name="[1fa]"></a>_printf_o</STRONG> (Thumb, 0 bytes, Stack size unknown bytes, _printf_o.o(.ARM.Collect$$_printf_percent$$0000000B))
<BR><BR>[Stack]<UL><LI>Max Depth = 64 + Unknown Stack Size
<LI>Call Chain = _printf_o &rArr; _printf_int_oct &rArr; _printf_longlong_oct &rArr; _printf_int_common &rArr; _printf_post_padding
</UL>
<BR>[Calls]<UL><LI><a href="#[1fb]">&gt;&gt;</a>&nbsp;&nbsp;&nbsp;_printf_int_oct
</UL>

<P><STRONG><a name="[1fc]"></a>_printf_x</STRONG> (Thumb, 0 bytes, Stack size unknown bytes, _printf_x.o(.ARM.Collect$$_printf_percent$$0000000C))
<BR><BR>[Stack]<UL><LI>Max Depth = 80 + Unknown Stack Size
<LI>Call Chain = _printf_x &rArr; _printf_int_hex &rArr; _printf_longlong_hex &rArr; _printf_int_common &rArr; _printf_post_padding
</UL>
<BR>[Calls]<UL><LI><a href="#[1fd]">&gt;&gt;</a>&nbsp;&nbsp;&nbsp;_printf_int_hex
</UL>

<P><STRONG><a name="[1fe]"></a>_printf_lli</STRONG> (Thumb, 0 bytes, Stack size unknown bytes, _printf_lli.o(.ARM.Collect$$_printf_percent$$0000000D))
<BR><BR>[Stack]<UL><LI>Max Depth = 72 + Unknown Stack Size
<LI>Call Chain = _printf_lli &rArr; _printf_longlong_dec &rArr; _printf_int_common &rArr; _printf_post_padding
</UL>
<BR>[Calls]<UL><LI><a href="#[1ff]">&gt;&gt;</a>&nbsp;&nbsp;&nbsp;_printf_longlong_dec
</UL>

<P><STRONG><a name="[200]"></a>_printf_lld</STRONG> (Thumb, 0 bytes, Stack size unknown bytes, _printf_lld.o(.ARM.Collect$$_printf_percent$$0000000E))
<BR><BR>[Stack]<UL><LI>Max Depth = 72 + Unknown Stack Size
<LI>Call Chain = _printf_lld &rArr; _printf_longlong_dec &rArr; _printf_int_common &rArr; _printf_post_padding
</UL>
<BR>[Calls]<UL><LI><a href="#[1ff]">&gt;&gt;</a>&nbsp;&nbsp;&nbsp;_printf_longlong_dec
</UL>

<P><STRONG><a name="[201]"></a>_printf_llu</STRONG> (Thumb, 0 bytes, Stack size unknown bytes, _printf_llu.o(.ARM.Collect$$_printf_percent$$0000000F))
<BR><BR>[Stack]<UL><LI>Max Depth = 72 + Unknown Stack Size
<LI>Call Chain = _printf_llu &rArr; _printf_longlong_dec &rArr; _printf_int_common &rArr; _printf_post_padding
</UL>
<BR>[Calls]<UL><LI><a href="#[1ff]">&gt;&gt;</a>&nbsp;&nbsp;&nbsp;_printf_longlong_dec
</UL>

<P><STRONG><a name="[202]"></a>_printf_llo</STRONG> (Thumb, 0 bytes, Stack size unknown bytes, _printf_llo.o(.ARM.Collect$$_printf_percent$$00000010))
<BR><BR>[Stack]<UL><LI>Max Depth = 56 + Unknown Stack Size
<LI>Call Chain = _printf_llo &rArr; _printf_ll_oct &rArr; _printf_longlong_oct &rArr; _printf_int_common &rArr; _printf_post_padding
</UL>
<BR>[Calls]<UL><LI><a href="#[203]">&gt;&gt;</a>&nbsp;&nbsp;&nbsp;_printf_ll_oct
</UL>

<P><STRONG><a name="[204]"></a>_printf_llx</STRONG> (Thumb, 0 bytes, Stack size unknown bytes, _printf_llx.o(.ARM.Collect$$_printf_percent$$00000011))
<BR><BR>[Stack]<UL><LI>Max Depth = 64 + Unknown Stack Size
<LI>Call Chain = _printf_llx &rArr; _printf_ll_hex &rArr; _printf_longlong_hex &rArr; _printf_int_common &rArr; _printf_post_padding
</UL>
<BR>[Calls]<UL><LI><a href="#[205]">&gt;&gt;</a>&nbsp;&nbsp;&nbsp;_printf_ll_hex
</UL>

<P><STRONG><a name="[358]"></a>_printf_l</STRONG> (Thumb, 0 bytes, Stack size unknown bytes, _printf_l.o(.ARM.Collect$$_printf_percent$$00000012))

<P><STRONG><a name="[206]"></a>_printf_c</STRONG> (Thumb, 0 bytes, Stack size unknown bytes, _printf_c.o(.ARM.Collect$$_printf_percent$$00000013))
<BR><BR>[Stack]<UL><LI>Max Depth = 40 + Unknown Stack Size
<LI>Call Chain = _printf_c &rArr; _printf_char &rArr; _printf_cs_common &rArr; _printf_str &rArr; _printf_post_padding
</UL>
<BR>[Calls]<UL><LI><a href="#[207]">&gt;&gt;</a>&nbsp;&nbsp;&nbsp;_printf_char
</UL>

<P><STRONG><a name="[208]"></a>_printf_s</STRONG> (Thumb, 0 bytes, Stack size unknown bytes, _printf_s.o(.ARM.Collect$$_printf_percent$$00000014))
<BR><BR>[Stack]<UL><LI>Max Depth = 40 + Unknown Stack Size
<LI>Call Chain = _printf_s &rArr; _printf_string &rArr; _printf_cs_common &rArr; _printf_str &rArr; _printf_post_padding
</UL>
<BR>[Calls]<UL><LI><a href="#[209]">&gt;&gt;</a>&nbsp;&nbsp;&nbsp;_printf_string
</UL>

<P><STRONG><a name="[20a]"></a>_printf_lc</STRONG> (Thumb, 0 bytes, Stack size unknown bytes, _printf_lc.o(.ARM.Collect$$_printf_percent$$00000015))
<BR><BR>[Stack]<UL><LI>Max Depth = 88 + Unknown Stack Size
<LI>Call Chain = _printf_lc &rArr; _printf_wchar &rArr; _printf_lcs_common &rArr; _printf_wctomb &rArr; _wcrtomb &rArr; __rt_ctype_table
</UL>
<BR>[Calls]<UL><LI><a href="#[20b]">&gt;&gt;</a>&nbsp;&nbsp;&nbsp;_printf_wchar
</UL>

<P><STRONG><a name="[20c]"></a>_printf_ls</STRONG> (Thumb, 0 bytes, Stack size unknown bytes, _printf_ls.o(.ARM.Collect$$_printf_percent$$00000016))
<BR><BR>[Stack]<UL><LI>Max Depth = 88 + Unknown Stack Size
<LI>Call Chain = _printf_ls &rArr; _printf_wstring &rArr; _printf_lcs_common &rArr; _printf_wctomb &rArr; _wcrtomb &rArr; __rt_ctype_table
</UL>
<BR>[Calls]<UL><LI><a href="#[20d]">&gt;&gt;</a>&nbsp;&nbsp;&nbsp;_printf_wstring
</UL>

<P><STRONG><a name="[359]"></a>_printf_percent_end</STRONG> (Thumb, 0 bytes, Stack size unknown bytes, _printf_percent_end.o(.ARM.Collect$$_printf_percent$$00000017))

<P><STRONG><a name="[21c]"></a>__rt_lib_init</STRONG> (Thumb, 0 bytes, Stack size unknown bytes, libinit.o(.ARM.Collect$$libinit$$00000000))
<BR><BR>[Called By]<UL><LI><a href="#[21b]">&gt;&gt;</a>&nbsp;&nbsp;&nbsp;__rt_entry_li
</UL>

<P><STRONG><a name="[20e]"></a>__rt_lib_init_fp_1</STRONG> (Thumb, 0 bytes, Stack size unknown bytes, libinit2.o(.ARM.Collect$$libinit$$00000001))
<BR><BR>[Calls]<UL><LI><a href="#[20f]">&gt;&gt;</a>&nbsp;&nbsp;&nbsp;_fp_init
</UL>

<P><STRONG><a name="[35a]"></a>__rt_lib_init_heap_1</STRONG> (Thumb, 0 bytes, Stack size unknown bytes, libinit2.o(.ARM.Collect$$libinit$$0000000A))

<P><STRONG><a name="[210]"></a>__rt_lib_init_lc_common</STRONG> (Thumb, 0 bytes, Stack size unknown bytes, libinit2.o(.ARM.Collect$$libinit$$0000000F))
<BR><BR>[Calls]<UL><LI><a href="#[211]">&gt;&gt;</a>&nbsp;&nbsp;&nbsp;__rt_locale
</UL>

<P><STRONG><a name="[35b]"></a>__rt_lib_init_preinit_1</STRONG> (Thumb, 0 bytes, Stack size unknown bytes, libinit2.o(.ARM.Collect$$libinit$$00000004))

<P><STRONG><a name="[35c]"></a>__rt_lib_init_rand_1</STRONG> (Thumb, 0 bytes, Stack size unknown bytes, libinit2.o(.ARM.Collect$$libinit$$0000000E))

<P><STRONG><a name="[35d]"></a>__rt_lib_init_user_alloc_1</STRONG> (Thumb, 0 bytes, Stack size unknown bytes, libinit2.o(.ARM.Collect$$libinit$$0000000C))

<P><STRONG><a name="[35e]"></a>__rt_lib_init_lc_collate_1</STRONG> (Thumb, 0 bytes, Stack size unknown bytes, libinit2.o(.ARM.Collect$$libinit$$00000011))

<P><STRONG><a name="[212]"></a>__rt_lib_init_lc_ctype_2</STRONG> (Thumb, 0 bytes, Stack size unknown bytes, libinit2.o(.ARM.Collect$$libinit$$00000012))
<BR><BR>[Stack]<UL><LI>Max Depth = 8 + Unknown Stack Size
<LI>Call Chain = __rt_lib_init_lc_ctype_2 &rArr; _get_lc_ctype
</UL>
<BR>[Calls]<UL><LI><a href="#[6e]">&gt;&gt;</a>&nbsp;&nbsp;&nbsp;_get_lc_ctype
</UL>

<P><STRONG><a name="[35f]"></a>__rt_lib_init_lc_ctype_1</STRONG> (Thumb, 0 bytes, Stack size unknown bytes, libinit2.o(.ARM.Collect$$libinit$$00000013))

<P><STRONG><a name="[360]"></a>__rt_lib_init_lc_monetary_1</STRONG> (Thumb, 0 bytes, Stack size unknown bytes, libinit2.o(.ARM.Collect$$libinit$$00000015))

<P><STRONG><a name="[213]"></a>__rt_lib_init_lc_numeric_2</STRONG> (Thumb, 0 bytes, Stack size unknown bytes, libinit2.o(.ARM.Collect$$libinit$$00000016))
<BR><BR>[Stack]<UL><LI>Max Depth = 8 + Unknown Stack Size
<LI>Call Chain = __rt_lib_init_lc_numeric_2 &rArr; _get_lc_numeric
</UL>
<BR>[Calls]<UL><LI><a href="#[214]">&gt;&gt;</a>&nbsp;&nbsp;&nbsp;_get_lc_numeric
</UL>

<P><STRONG><a name="[361]"></a>__rt_lib_init_atexit_1</STRONG> (Thumb, 0 bytes, Stack size unknown bytes, libinit2.o(.ARM.Collect$$libinit$$0000001B))

<P><STRONG><a name="[362]"></a>__rt_lib_init_clock_1</STRONG> (Thumb, 0 bytes, Stack size unknown bytes, libinit2.o(.ARM.Collect$$libinit$$00000021))

<P><STRONG><a name="[363]"></a>__rt_lib_init_fp_trap_1</STRONG> (Thumb, 0 bytes, Stack size unknown bytes, libinit2.o(.ARM.Collect$$libinit$$0000001F))

<P><STRONG><a name="[364]"></a>__rt_lib_init_getenv_1</STRONG> (Thumb, 0 bytes, Stack size unknown bytes, libinit2.o(.ARM.Collect$$libinit$$00000023))

<P><STRONG><a name="[365]"></a>__rt_lib_init_lc_numeric_1</STRONG> (Thumb, 0 bytes, Stack size unknown bytes, libinit2.o(.ARM.Collect$$libinit$$00000017))

<P><STRONG><a name="[366]"></a>__rt_lib_init_lc_time_1</STRONG> (Thumb, 0 bytes, Stack size unknown bytes, libinit2.o(.ARM.Collect$$libinit$$00000019))

<P><STRONG><a name="[367]"></a>__rt_lib_init_signal_1</STRONG> (Thumb, 0 bytes, Stack size unknown bytes, libinit2.o(.ARM.Collect$$libinit$$0000001D))

<P><STRONG><a name="[215]"></a>__rt_lib_init_stdio_2</STRONG> (Thumb, 0 bytes, Stack size unknown bytes, libinit2.o(.ARM.Collect$$libinit$$00000024))
<BR><BR>[Stack]<UL><LI>Max Depth = 432 + Unknown Stack Size
<LI>Call Chain = __rt_lib_init_stdio_2 &rArr; _initio &rArr; freopen &rArr; _fclose_internal &rArr; _fflush &rArr; _writebuf &rArr; _sys_write &rArr; rt_device_write &rArr; rt_assert_handler &rArr;  rt_kprintf (Cycle)
</UL>
<BR>[Calls]<UL><LI><a href="#[216]">&gt;&gt;</a>&nbsp;&nbsp;&nbsp;_initio
</UL>

<P><STRONG><a name="[368]"></a>__rt_lib_init_alloca_1</STRONG> (Thumb, 0 bytes, Stack size unknown bytes, libinit2.o(.ARM.Collect$$libinit$$0000002E))

<P><STRONG><a name="[369]"></a>__rt_lib_init_argv_1</STRONG> (Thumb, 0 bytes, Stack size unknown bytes, libinit2.o(.ARM.Collect$$libinit$$0000002C))

<P><STRONG><a name="[36a]"></a>__rt_lib_init_cpp_1</STRONG> (Thumb, 0 bytes, Stack size unknown bytes, libinit2.o(.ARM.Collect$$libinit$$00000031))

<P><STRONG><a name="[36b]"></a>__rt_lib_init_exceptions_1</STRONG> (Thumb, 0 bytes, Stack size unknown bytes, libinit2.o(.ARM.Collect$$libinit$$00000030))

<P><STRONG><a name="[36c]"></a>__rt_lib_init_stdio_1</STRONG> (Thumb, 0 bytes, Stack size unknown bytes, libinit2.o(.ARM.Collect$$libinit$$00000025))

<P><STRONG><a name="[36d]"></a>__rt_lib_init_return</STRONG> (Thumb, 0 bytes, Stack size unknown bytes, libinit2.o(.ARM.Collect$$libinit$$00000033))

<P><STRONG><a name="[221]"></a>__rt_lib_shutdown</STRONG> (Thumb, 0 bytes, Stack size unknown bytes, libshutdown.o(.ARM.Collect$$libshutdown$$00000000))
<BR><BR>[Called By]<UL><LI><a href="#[220]">&gt;&gt;</a>&nbsp;&nbsp;&nbsp;__rt_exit_ls
</UL>

<P><STRONG><a name="[36e]"></a>__rt_lib_shutdown_cpp_1</STRONG> (Thumb, 0 bytes, Stack size unknown bytes, libshutdown2.o(.ARM.Collect$$libshutdown$$00000002))

<P><STRONG><a name="[217]"></a>__rt_lib_shutdown_stdio_2</STRONG> (Thumb, 0 bytes, Stack size unknown bytes, libshutdown2.o(.ARM.Collect$$libshutdown$$00000003))
<BR><BR>[Stack]<UL><LI>Max Depth = 416 + Unknown Stack Size
<LI>Call Chain = __rt_lib_shutdown_stdio_2 &rArr; _terminateio &rArr; _fclose_internal &rArr; _fflush &rArr; _writebuf &rArr; _sys_write &rArr; rt_device_write &rArr; rt_assert_handler &rArr;  rt_kprintf (Cycle)
</UL>
<BR>[Calls]<UL><LI><a href="#[218]">&gt;&gt;</a>&nbsp;&nbsp;&nbsp;_terminateio
</UL>

<P><STRONG><a name="[36f]"></a>__rt_lib_shutdown_fp_trap_1</STRONG> (Thumb, 0 bytes, Stack size unknown bytes, libshutdown2.o(.ARM.Collect$$libshutdown$$00000007))

<P><STRONG><a name="[370]"></a>__rt_lib_shutdown_heap_1</STRONG> (Thumb, 0 bytes, Stack size unknown bytes, libshutdown2.o(.ARM.Collect$$libshutdown$$0000000F))

<P><STRONG><a name="[371]"></a>__rt_lib_shutdown_return</STRONG> (Thumb, 0 bytes, Stack size unknown bytes, libshutdown2.o(.ARM.Collect$$libshutdown$$00000010))

<P><STRONG><a name="[372]"></a>__rt_lib_shutdown_signal_1</STRONG> (Thumb, 0 bytes, Stack size unknown bytes, libshutdown2.o(.ARM.Collect$$libshutdown$$0000000A))

<P><STRONG><a name="[373]"></a>__rt_lib_shutdown_stdio_1</STRONG> (Thumb, 0 bytes, Stack size unknown bytes, libshutdown2.o(.ARM.Collect$$libshutdown$$00000004))

<P><STRONG><a name="[374]"></a>__rt_lib_shutdown_user_alloc_1</STRONG> (Thumb, 0 bytes, Stack size unknown bytes, libshutdown2.o(.ARM.Collect$$libshutdown$$0000000C))

<P><STRONG><a name="[1ea]"></a>__rt_entry</STRONG> (Thumb, 0 bytes, Stack size unknown bytes, __rtentry.o(.ARM.Collect$$rtentry$$00000000))
<BR><BR>[Called By]<UL><LI><a href="#[1e8]">&gt;&gt;</a>&nbsp;&nbsp;&nbsp;__main
<LI><a href="#[1eb]">&gt;&gt;</a>&nbsp;&nbsp;&nbsp;__scatterload_rt2
</UL>

<P><STRONG><a name="[375]"></a>__rt_entry_presh_1</STRONG> (Thumb, 0 bytes, Stack size unknown bytes, __rtentry2.o(.ARM.Collect$$rtentry$$00000002))

<P><STRONG><a name="[219]"></a>__rt_entry_sh</STRONG> (Thumb, 0 bytes, Stack size unknown bytes, __rtentry4.o(.ARM.Collect$$rtentry$$00000004))
<BR><BR>[Stack]<UL><LI>Max Depth = 8 + Unknown Stack Size
<LI>Call Chain = __rt_entry_sh &rArr; __user_setup_stackheap
</UL>
<BR>[Calls]<UL><LI><a href="#[21a]">&gt;&gt;</a>&nbsp;&nbsp;&nbsp;__user_setup_stackheap
</UL>

<P><STRONG><a name="[21b]"></a>__rt_entry_li</STRONG> (Thumb, 0 bytes, Stack size unknown bytes, __rtentry2.o(.ARM.Collect$$rtentry$$0000000A))
<BR><BR>[Calls]<UL><LI><a href="#[21c]">&gt;&gt;</a>&nbsp;&nbsp;&nbsp;__rt_lib_init
</UL>

<P><STRONG><a name="[376]"></a>__rt_entry_postsh_1</STRONG> (Thumb, 0 bytes, Stack size unknown bytes, __rtentry2.o(.ARM.Collect$$rtentry$$00000009))

<P><STRONG><a name="[21d]"></a>__rt_entry_main</STRONG> (Thumb, 0 bytes, Stack size unknown bytes, __rtentry2.o(.ARM.Collect$$rtentry$$0000000D))
<BR><BR>[Stack]<UL><LI>Max Depth = 448 + Unknown Stack Size
<LI>Call Chain = __rt_entry_main &rArr; main &rArr; rtthread_startup &rArr; rt_application_init &rArr; rt_thread_create &rArr; rt_malloc &rArr; rt_kprintf &rArr; rt_device_write &rArr; rt_assert_handler &rArr;  rt_kprintf (Cycle)
</UL>
<BR>[Calls]<UL><LI><a href="#[21e]">&gt;&gt;</a>&nbsp;&nbsp;&nbsp;main
<LI><a href="#[21f]">&gt;&gt;</a>&nbsp;&nbsp;&nbsp;exit
</UL>

<P><STRONG><a name="[377]"></a>__rt_entry_postli_1</STRONG> (Thumb, 0 bytes, Stack size unknown bytes, __rtentry2.o(.ARM.Collect$$rtentry$$0000000C))

<P><STRONG><a name="[264]"></a>__rt_exit</STRONG> (Thumb, 0 bytes, Stack size unknown bytes, rtexit.o(.ARM.Collect$$rtexit$$00000000))
<BR><BR>[Called By]<UL><LI><a href="#[21f]">&gt;&gt;</a>&nbsp;&nbsp;&nbsp;exit
</UL>

<P><STRONG><a name="[220]"></a>__rt_exit_ls</STRONG> (Thumb, 0 bytes, Stack size unknown bytes, rtexit2.o(.ARM.Collect$$rtexit$$00000003))
<BR><BR>[Calls]<UL><LI><a href="#[221]">&gt;&gt;</a>&nbsp;&nbsp;&nbsp;__rt_lib_shutdown
</UL>

<P><STRONG><a name="[378]"></a>__rt_exit_prels_1</STRONG> (Thumb, 0 bytes, Stack size unknown bytes, rtexit2.o(.ARM.Collect$$rtexit$$00000002))

<P><STRONG><a name="[222]"></a>__rt_exit_exit</STRONG> (Thumb, 0 bytes, Stack size unknown bytes, rtexit2.o(.ARM.Collect$$rtexit$$00000004))
<BR><BR>[Calls]<UL><LI><a href="#[223]">&gt;&gt;</a>&nbsp;&nbsp;&nbsp;_sys_exit
</UL>

<P><STRONG><a name="[8]"></a>Reset_Handler</STRONG> (Thumb, 8 bytes, Stack size 0 bytes, startup_stm32f429xx.o(.text))
<BR>[Address Reference Count : 1]<UL><LI> startup_stm32f429xx.o(RESET)
</UL>
<P><STRONG><a name="[f]"></a>DebugMon_Handler</STRONG> (Thumb, 2 bytes, Stack size 0 bytes, startup_stm32f429xx.o(.text))
<BR><BR>[Calls]<UL><LI><a href="#[f]">&gt;&gt;</a>&nbsp;&nbsp;&nbsp;DebugMon_Handler
</UL>
<BR>[Called By]<UL><LI><a href="#[f]">&gt;&gt;</a>&nbsp;&nbsp;&nbsp;DebugMon_Handler
</UL>
<BR>[Address Reference Count : 1]<UL><LI> startup_stm32f429xx.o(RESET)
</UL>
<P><STRONG><a name="[24]"></a>ADC_IRQHandler</STRONG> (Thumb, 0 bytes, Stack size 0 bytes, startup_stm32f429xx.o(.text))
<BR><BR>[Calls]<UL><LI><a href="#[24]">&gt;&gt;</a>&nbsp;&nbsp;&nbsp;ADC_IRQHandler
</UL>
<BR>[Called By]<UL><LI><a href="#[24]">&gt;&gt;</a>&nbsp;&nbsp;&nbsp;ADC_IRQHandler
</UL>
<BR>[Address Reference Count : 1]<UL><LI> startup_stm32f429xx.o(RESET)
</UL>
<P><STRONG><a name="[26]"></a>CAN1_RX0_IRQHandler</STRONG> (Thumb, 0 bytes, Stack size 0 bytes, startup_stm32f429xx.o(.text))
<BR>[Address Reference Count : 1]<UL><LI> startup_stm32f429xx.o(RESET)
</UL>
[...]
<LI><a href="#[2d9]">&gt;&gt;</a>&nbsp;&nbsp;&nbsp;proc_expr_statement
</UL>

<P><STRONG><a name="[2d9]"></a>proc_expr_statement</STRONG> (Thumb, 56 bytes, Stack size 16 bytes, finsh_parser.o(i.proc_expr_statement))
<BR><BR>[Stack]<UL><LI>Max Depth = 240<LI>Call Chain = proc_expr_statement &rArr; finsh_token_token &rArr; token_run &rArr; token_proc_number &rArr; token_spec_number
</UL>
<BR>[Calls]<UL><LI><a href="#[2b8]">&gt;&gt;</a>&nbsp;&nbsp;&nbsp;finsh_error_set
<LI><a href="#[2d8]">&gt;&gt;</a>&nbsp;&nbsp;&nbsp;finsh_token_token
<LI><a href="#[306]">&gt;&gt;</a>&nbsp;&nbsp;&nbsp;proc_expr
</UL>
<BR>[Called By]<UL><LI><a href="#[2d6]">&gt;&gt;</a>&nbsp;&nbsp;&nbsp;finsh_parser_run
</UL>

<P><STRONG><a name="[307]"></a>proc_identifier</STRONG> (Thumb, 44 bytes, Stack size 16 bytes, finsh_parser.o(i.proc_identifier))
<BR><BR>[Stack]<UL><LI>Max Depth = 240<LI>Call Chain = proc_identifier &rArr; finsh_token_token &rArr; token_run &rArr; token_proc_number &rArr; token_spec_number
</UL>
<BR>[Calls]<UL><LI><a href="#[2b8]">&gt;&gt;</a>&nbsp;&nbsp;&nbsp;finsh_error_set
<LI><a href="#[2d8]">&gt;&gt;</a>&nbsp;&nbsp;&nbsp;finsh_token_token
<LI><a href="#[16c]">&gt;&gt;</a>&nbsp;&nbsp;&nbsp;strncpy
</UL>
<BR>[Called By]<UL><LI><a href="#[2da]">&gt;&gt;</a>&nbsp;&nbsp;&nbsp;proc_variable_decl
<LI><a href="#[30a]">&gt;&gt;</a>&nbsp;&nbsp;&nbsp;proc_primary_expr
</UL>

<P><STRONG><a name="[301]"></a>proc_inclusive_or_expr</STRONG> (Thumb, 76 bytes, Stack size 24 bytes, finsh_parser.o(i.proc_inclusive_or_expr))
<BR><BR>[Stack]<UL><LI>Max Depth = 496<LI>Call Chain = proc_inclusive_or_expr &rArr; proc_exclusive_or_expr &rArr; proc_and_expr &rArr; proc_shift_expr &rArr; proc_additive_expr &rArr; proc_multiplicative_expr &rArr; proc_cast_expr &rArr;  proc_cast_expr (Cycle)
</UL>
<BR>[Calls]<UL><LI><a href="#[2b8]">&gt;&gt;</a>&nbsp;&nbsp;&nbsp;finsh_error_set
<LI><a href="#[2d8]">&gt;&gt;</a>&nbsp;&nbsp;&nbsp;finsh_token_token
<LI><a href="#[305]">&gt;&gt;</a>&nbsp;&nbsp;&nbsp;proc_exclusive_or_expr
<LI><a href="#[2f2]">&gt;&gt;</a>&nbsp;&nbsp;&nbsp;make_sys_node
</UL>
<BR>[Called By]<UL><LI><a href="#[300]">&gt;&gt;</a>&nbsp;&nbsp;&nbsp;proc_assign_expr
</UL>

<P><STRONG><a name="[2fd]"></a>proc_multiplicative_expr</STRONG> (Thumb, 138 bytes, Stack size 24 bytes, finsh_parser.o(i.proc_multiplicative_expr))
<BR><BR>[Stack]<UL><LI>Max Depth = 376<LI>Call Chain = proc_multiplicative_expr &rArr; proc_cast_expr &rArr;  proc_cast_expr (Cycle)
</UL>
<BR>[Calls]<UL><LI><a href="#[2b8]">&gt;&gt;</a>&nbsp;&nbsp;&nbsp;finsh_error_set
<LI><a href="#[2d8]">&gt;&gt;</a>&nbsp;&nbsp;&nbsp;finsh_token_token
<LI><a href="#[302]">&gt;&gt;</a>&nbsp;&nbsp;&nbsp;proc_cast_expr
<LI><a href="#[2f2]">&gt;&gt;</a>&nbsp;&nbsp;&nbsp;make_sys_node
</UL>
<BR>[Called By]<UL><LI><a href="#[2fc]">&gt;&gt;</a>&nbsp;&nbsp;&nbsp;proc_additive_expr
</UL>

<P><STRONG><a name="[308]"></a>proc_param_list</STRONG> (Thumb, 76 bytes, Stack size 24 bytes, finsh_parser.o(i.proc_param_list))
<BR><BR>[Stack]<UL><LI>Max Depth = 248 + In Cycle
<LI>Call Chain = proc_param_list &rArr;  proc_assign_expr (Cycle)
</UL>
<BR>[Calls]<UL><LI><a href="#[2b8]">&gt;&gt;</a>&nbsp;&nbsp;&nbsp;finsh_error_set
<LI><a href="#[2d8]">&gt;&gt;</a>&nbsp;&nbsp;&nbsp;finsh_token_token
<LI><a href="#[300]">&gt;&gt;</a>&nbsp;&nbsp;&nbsp;proc_assign_expr
</UL>
<BR>[Called By]<UL><LI><a href="#[309]">&gt;&gt;</a>&nbsp;&nbsp;&nbsp;proc_postfix_expr
</UL>

<P><STRONG><a name="[309]"></a>proc_postfix_expr</STRONG> (Thumb, 162 bytes, Stack size 24 bytes, finsh_parser.o(i.proc_postfix_expr))
<BR><BR>[Stack]<UL><LI>Max Depth = 304<LI>Call Chain = proc_postfix_expr &rArr; proc_primary_expr &rArr; proc_identifier &rArr; finsh_token_token &rArr; token_run &rArr; token_proc_number &rArr; token_spec_number
</UL>
<BR>[Calls]<UL><LI><a href="#[2b8]">&gt;&gt;</a>&nbsp;&nbsp;&nbsp;finsh_error_set
<LI><a href="#[2d8]">&gt;&gt;</a>&nbsp;&nbsp;&nbsp;finsh_token_token
<LI><a href="#[30a]">&gt;&gt;</a>&nbsp;&nbsp;&nbsp;proc_primary_expr
<LI><a href="#[308]">&gt;&gt;</a>&nbsp;&nbsp;&nbsp;proc_param_list
<LI><a href="#[2f2]">&gt;&gt;</a>&nbsp;&nbsp;&nbsp;make_sys_node
</UL>
<BR>[Called By]<UL><LI><a href="#[304]">&gt;&gt;</a>&nbsp;&nbsp;&nbsp;proc_unary_expr
</UL>

<P><STRONG><a name="[30a]"></a>proc_primary_expr</STRONG> (Thumb, 158 bytes, Stack size 40 bytes, finsh_parser.o(i.proc_primary_expr))
<BR><BR>[Stack]<UL><LI>Max Depth = 280<LI>Call Chain = proc_primary_expr &rArr; proc_identifier &rArr; finsh_token_token &rArr; token_run &rArr; token_proc_number &rArr; token_spec_number
</UL>
<BR>[Calls]<UL><LI><a href="#[2d5]">&gt;&gt;</a>&nbsp;&nbsp;&nbsp;finsh_node_new_string
<LI><a href="#[2d4]">&gt;&gt;</a>&nbsp;&nbsp;&nbsp;finsh_node_new_ptr
<LI><a href="#[2d3]">&gt;&gt;</a>&nbsp;&nbsp;&nbsp;finsh_node_new_long
<LI><a href="#[2d2]">&gt;&gt;</a>&nbsp;&nbsp;&nbsp;finsh_node_new_int
<LI><a href="#[2ce]">&gt;&gt;</a>&nbsp;&nbsp;&nbsp;finsh_node_new_id
<LI><a href="#[2cc]">&gt;&gt;</a>&nbsp;&nbsp;&nbsp;finsh_node_new_char
<LI><a href="#[2b8]">&gt;&gt;</a>&nbsp;&nbsp;&nbsp;finsh_error_set
<LI><a href="#[2d8]">&gt;&gt;</a>&nbsp;&nbsp;&nbsp;finsh_token_token
<LI><a href="#[307]">&gt;&gt;</a>&nbsp;&nbsp;&nbsp;proc_identifier
<LI><a href="#[306]">&gt;&gt;</a>&nbsp;&nbsp;&nbsp;proc_expr
</UL>
<BR>[Called By]<UL><LI><a href="#[309]">&gt;&gt;</a>&nbsp;&nbsp;&nbsp;proc_postfix_expr
</UL>

<P><STRONG><a name="[2ff]"></a>proc_shift_expr</STRONG> (Thumb, 116 bytes, Stack size 24 bytes, finsh_parser.o(i.proc_shift_expr))
<BR><BR>[Stack]<UL><LI>Max Depth = 424<LI>Call Chain = proc_shift_expr &rArr; proc_additive_expr &rArr; proc_multiplicative_expr &rArr; proc_cast_expr &rArr;  proc_cast_expr (Cycle)
</UL>
<BR>[Calls]<UL><LI><a href="#[2b8]">&gt;&gt;</a>&nbsp;&nbsp;&nbsp;finsh_error_set
<LI><a href="#[2d8]">&gt;&gt;</a>&nbsp;&nbsp;&nbsp;finsh_token_token
<LI><a href="#[2fc]">&gt;&gt;</a>&nbsp;&nbsp;&nbsp;proc_additive_expr
<LI><a href="#[2f2]">&gt;&gt;</a>&nbsp;&nbsp;&nbsp;make_sys_node
</UL>
<BR>[Called By]<UL><LI><a href="#[2fe]">&gt;&gt;</a>&nbsp;&nbsp;&nbsp;proc_and_expr
</UL>

<P><STRONG><a name="[303]"></a>proc_type</STRONG> (Thumb, 250 bytes, Stack size 16 bytes, finsh_parser.o(i.proc_type))
<BR><BR>[Stack]<UL><LI>Max Depth = 240<LI>Call Chain = proc_type &rArr; finsh_token_token &rArr; token_run &rArr; token_proc_number &rArr; token_spec_number
</UL>
<BR>[Calls]<UL><LI><a href="#[2b8]">&gt;&gt;</a>&nbsp;&nbsp;&nbsp;finsh_error_set
<LI><a href="#[2d8]">&gt;&gt;</a>&nbsp;&nbsp;&nbsp;finsh_token_token
</UL>
<BR>[Called By]<UL><LI><a href="#[2da]">&gt;&gt;</a>&nbsp;&nbsp;&nbsp;proc_variable_decl
<LI><a href="#[302]">&gt;&gt;</a>&nbsp;&nbsp;&nbsp;proc_cast_expr
</UL>

<P><STRONG><a name="[304]"></a>proc_unary_expr</STRONG> (Thumb, 190 bytes, Stack size 24 bytes, finsh_parser.o(i.proc_unary_expr))
<BR><BR>[Stack]<UL><LI>Max Depth = 328 + In Cycle
<LI>Call Chain = proc_unary_expr &rArr;  proc_cast_expr (Cycle)
</UL>
<BR>[Calls]<UL><LI><a href="#[2d3]">&gt;&gt;</a>&nbsp;&nbsp;&nbsp;finsh_node_new_long
<LI><a href="#[2d8]">&gt;&gt;</a>&nbsp;&nbsp;&nbsp;finsh_token_token
<LI><a href="#[309]">&gt;&gt;</a>&nbsp;&nbsp;&nbsp;proc_postfix_expr
<LI><a href="#[302]">&gt;&gt;</a>&nbsp;&nbsp;&nbsp;proc_cast_expr
<LI><a href="#[2f2]">&gt;&gt;</a>&nbsp;&nbsp;&nbsp;make_sys_node
</UL>
<BR>[Called By]<UL><LI><a href="#[302]">&gt;&gt;</a>&nbsp;&nbsp;&nbsp;proc_cast_expr
</UL>

<P><STRONG><a name="[2da]"></a>proc_variable_decl</STRONG> (Thumb, 474 bytes, Stack size 56 bytes, finsh_parser.o(i.proc_variable_decl))
<BR><BR>[Stack]<UL><LI>Max Depth = 576<LI>Call Chain = proc_variable_decl &rArr; proc_assign_expr &rArr;  proc_assign_expr (Cycle)
</UL>
<BR>[Calls]<UL><LI><a href="#[2ce]">&gt;&gt;</a>&nbsp;&nbsp;&nbsp;finsh_node_new_id
<LI><a href="#[2b8]">&gt;&gt;</a>&nbsp;&nbsp;&nbsp;finsh_error_set
<LI><a href="#[2e9]">&gt;&gt;</a>&nbsp;&nbsp;&nbsp;finsh_var_insert
<LI><a href="#[2d8]">&gt;&gt;</a>&nbsp;&nbsp;&nbsp;finsh_token_token
<LI><a href="#[303]">&gt;&gt;</a>&nbsp;&nbsp;&nbsp;proc_type
<LI><a href="#[307]">&gt;&gt;</a>&nbsp;&nbsp;&nbsp;proc_identifier
<LI><a href="#[300]">&gt;&gt;</a>&nbsp;&nbsp;&nbsp;proc_assign_expr
<LI><a href="#[2f2]">&gt;&gt;</a>&nbsp;&nbsp;&nbsp;make_sys_node
</UL>
<BR>[Called By]<UL><LI><a href="#[2d6]">&gt;&gt;</a>&nbsp;&nbsp;&nbsp;finsh_parser_run
</UL>

<P><STRONG><a name="[34b]"></a>token_match_name</STRONG> (Thumb, 48 bytes, Stack size 16 bytes, finsh_token.o(i.token_match_name))
<BR><BR>[Stack]<UL><LI>Max Depth = 16<LI>Call Chain = token_match_name
</UL>
<BR>[Calls]<UL><LI><a href="#[16d]">&gt;&gt;</a>&nbsp;&nbsp;&nbsp;strcmp
</UL>
<BR>[Called By]<UL><LI><a href="#[2e8]">&gt;&gt;</a>&nbsp;&nbsp;&nbsp;token_run
</UL>

<P><STRONG><a name="[349]"></a>token_next_char</STRONG> (Thumb, 62 bytes, Stack size 8 bytes, finsh_token.o(i.token_next_char))
<BR><BR>[Stack]<UL><LI>Max Depth = 16<LI>Call Chain = token_next_char &rArr; strlen
</UL>
<BR>[Calls]<UL><LI><a href="#[169]">&gt;&gt;</a>&nbsp;&nbsp;&nbsp;strlen
</UL>
<BR>[Called By]<UL><LI><a href="#[348]">&gt;&gt;</a>&nbsp;&nbsp;&nbsp;token_get_string
<LI><a href="#[351]">&gt;&gt;</a>&nbsp;&nbsp;&nbsp;token_trim_space
<LI><a href="#[2e8]">&gt;&gt;</a>&nbsp;&nbsp;&nbsp;token_run
<LI><a href="#[350]">&gt;&gt;</a>&nbsp;&nbsp;&nbsp;token_proc_string
<LI><a href="#[34e]">&gt;&gt;</a>&nbsp;&nbsp;&nbsp;token_proc_number
<LI><a href="#[34d]">&gt;&gt;</a>&nbsp;&nbsp;&nbsp;token_proc_escape
<LI><a href="#[34c]">&gt;&gt;</a>&nbsp;&nbsp;&nbsp;token_proc_char
</UL>

<P><STRONG><a name="[34a]"></a>token_prev_char</STRONG> (Thumb, 22 bytes, Stack size 0 bytes, finsh_token.o(i.token_prev_char))
<BR><BR>[Called By]<UL><LI><a href="#[348]">&gt;&gt;</a>&nbsp;&nbsp;&nbsp;token_get_string
<LI><a href="#[351]">&gt;&gt;</a>&nbsp;&nbsp;&nbsp;token_trim_space
<LI><a href="#[2e8]">&gt;&gt;</a>&nbsp;&nbsp;&nbsp;token_run
<LI><a href="#[34e]">&gt;&gt;</a>&nbsp;&nbsp;&nbsp;token_proc_number
<LI><a href="#[34d]">&gt;&gt;</a>&nbsp;&nbsp;&nbsp;token_proc_escape
<LI><a href="#[34c]">&gt;&gt;</a>&nbsp;&nbsp;&nbsp;token_proc_char
</UL>

<P><STRONG><a name="[34c]"></a>token_proc_char</STRONG> (Thumb, 162 bytes, Stack size 24 bytes, finsh_token.o(i.token_proc_char))
<BR><BR>[Stack]<UL><LI>Max Depth = 112<LI>Call Chain = token_proc_char &rArr; atoi &rArr; strtol &rArr; _strtoul
</UL>
<BR>[Calls]<UL><LI><a href="#[2b8]">&gt;&gt;</a>&nbsp;&nbsp;&nbsp;finsh_error_set
<LI><a href="#[34a]">&gt;&gt;</a>&nbsp;&nbsp;&nbsp;token_prev_char
<LI><a href="#[349]">&gt;&gt;</a>&nbsp;&nbsp;&nbsp;token_next_char
<LI><a href="#[177]">&gt;&gt;</a>&nbsp;&nbsp;&nbsp;atoi
</UL>
<BR>[Called By]<UL><LI><a href="#[2e8]">&gt;&gt;</a>&nbsp;&nbsp;&nbsp;token_run
</UL>

<P><STRONG><a name="[34d]"></a>token_proc_escape</STRONG> (Thumb, 214 bytes, Stack size 16 bytes, finsh_token.o(i.token_proc_escape))
<BR><BR>[Stack]<UL><LI>Max Depth = 32<LI>Call Chain = token_proc_escape &rArr; token_next_char &rArr; strlen
</UL>
<BR>[Calls]<UL><LI><a href="#[34a]">&gt;&gt;</a>&nbsp;&nbsp;&nbsp;token_prev_char
<LI><a href="#[349]">&gt;&gt;</a>&nbsp;&nbsp;&nbsp;token_next_char
</UL>
<BR>[Called By]<UL><LI><a href="#[350]">&gt;&gt;</a>&nbsp;&nbsp;&nbsp;token_proc_string
</UL>

<P><STRONG><a name="[34e]"></a>token_proc_number</STRONG> (Thumb, 288 bytes, Stack size 160 bytes, finsh_token.o(i.token_proc_number))
<BR><BR>[Stack]<UL><LI>Max Depth = 200<LI>Call Chain = token_proc_number &rArr; token_spec_number
</UL>
<BR>[Calls]<UL><LI><a href="#[34f]">&gt;&gt;</a>&nbsp;&nbsp;&nbsp;token_spec_number
<LI><a href="#[34a]">&gt;&gt;</a>&nbsp;&nbsp;&nbsp;token_prev_char
<LI><a href="#[349]">&gt;&gt;</a>&nbsp;&nbsp;&nbsp;token_next_char
<LI><a href="#[169]">&gt;&gt;</a>&nbsp;&nbsp;&nbsp;strlen
</UL>
<BR>[Called By]<UL><LI><a href="#[2e8]">&gt;&gt;</a>&nbsp;&nbsp;&nbsp;token_run
</UL>

<P><STRONG><a name="[350]"></a>token_proc_string</STRONG> (Thumb, 80 bytes, Stack size 16 bytes, finsh_token.o(i.token_proc_string))
<BR><BR>[Stack]<UL><LI>Max Depth = 48<LI>Call Chain = token_proc_string &rArr; token_proc_escape &rArr; token_next_char &rArr; strlen
</UL>
<BR>[Calls]<UL><LI><a href="#[2b8]">&gt;&gt;</a>&nbsp;&nbsp;&nbsp;finsh_error_set
<LI><a href="#[34d]">&gt;&gt;</a>&nbsp;&nbsp;&nbsp;token_proc_escape
<LI><a href="#[349]">&gt;&gt;</a>&nbsp;&nbsp;&nbsp;token_next_char
</UL>
<BR>[Called By]<UL><LI><a href="#[2e8]">&gt;&gt;</a>&nbsp;&nbsp;&nbsp;token_run
</UL>

<P><STRONG><a name="[2e8]"></a>token_run</STRONG> (Thumb, 414 bytes, Stack size 16 bytes, finsh_token.o(i.token_run))
<BR><BR>[Stack]<UL><LI>Max Depth = 216<LI>Call Chain = token_run &rArr; token_proc_number &rArr; token_spec_number
</UL>
<BR>[Calls]<UL><LI><a href="#[2b8]">&gt;&gt;</a>&nbsp;&nbsp;&nbsp;finsh_error_set
<LI><a href="#[348]">&gt;&gt;</a>&nbsp;&nbsp;&nbsp;token_get_string
<LI><a href="#[351]">&gt;&gt;</a>&nbsp;&nbsp;&nbsp;token_trim_space
<LI><a href="#[350]">&gt;&gt;</a>&nbsp;&nbsp;&nbsp;token_proc_string
<LI><a href="#[34e]">&gt;&gt;</a>&nbsp;&nbsp;&nbsp;token_proc_number
<LI><a href="#[34c]">&gt;&gt;</a>&nbsp;&nbsp;&nbsp;token_proc_char
<LI><a href="#[34a]">&gt;&gt;</a>&nbsp;&nbsp;&nbsp;token_prev_char
<LI><a href="#[349]">&gt;&gt;</a>&nbsp;&nbsp;&nbsp;token_next_char
<LI><a href="#[34b]">&gt;&gt;</a>&nbsp;&nbsp;&nbsp;token_match_name
</UL>
<BR>[Called By]<UL><LI><a href="#[2d8]">&gt;&gt;</a>&nbsp;&nbsp;&nbsp;finsh_token_token
</UL>

<P><STRONG><a name="[34f]"></a>token_spec_number</STRONG> (Thumb, 152 bytes, Stack size 40 bytes, finsh_token.o(i.token_spec_number))
<BR><BR>[Stack]<UL><LI>Max Depth = 40<LI>Call Chain = token_spec_number
</UL>
<BR>[Called By]<UL><LI><a href="#[34e]">&gt;&gt;</a>&nbsp;&nbsp;&nbsp;token_proc_number
</UL>

<P><STRONG><a name="[351]"></a>token_trim_space</STRONG> (Thumb, 34 bytes, Stack size 16 bytes, finsh_token.o(i.token_trim_space))
<BR><BR>[Stack]<UL><LI>Max Depth = 32<LI>Call Chain = token_trim_space &rArr; token_next_char &rArr; strlen
</UL>
<BR>[Calls]<UL><LI><a href="#[34a]">&gt;&gt;</a>&nbsp;&nbsp;&nbsp;token_prev_char
<LI><a href="#[349]">&gt;&gt;</a>&nbsp;&nbsp;&nbsp;token_next_char
</UL>
<BR>[Called By]<UL><LI><a href="#[2e8]">&gt;&gt;</a>&nbsp;&nbsp;&nbsp;token_run
</UL>

<P><STRONG><a name="[2f3]"></a>posix_mq_delete</STRONG> (Thumb, 84 bytes, Stack size 16 bytes, mqueue.o(i.posix_mq_delete))
<BR><BR>[Stack]<UL><LI>Max Depth = 352<LI>Call Chain = posix_mq_delete &rArr; rt_mq_delete &rArr; rt_kprintf &rArr; rt_device_write &rArr; rt_assert_handler &rArr;  rt_kprintf (Cycle)
</UL>
<BR>[Calls]<UL><LI><a href="#[12f]">&gt;&gt;</a>&nbsp;&nbsp;&nbsp;rt_free
<LI><a href="#[108]">&gt;&gt;</a>&nbsp;&nbsp;&nbsp;rt_mq_delete
</UL>
<BR>[Called By]<UL><LI><a href="#[187]">&gt;&gt;</a>&nbsp;&nbsp;&nbsp;mq_unlink
<LI><a href="#[186]">&gt;&gt;</a>&nbsp;&nbsp;&nbsp;mq_close
</UL>

<P><STRONG><a name="[2f4]"></a>posix_mq_find</STRONG> (Thumb, 38 bytes, Stack size 16 bytes, mqueue.o(i.posix_mq_find))
<BR><BR>[Stack]<UL><LI>Max Depth = 32<LI>Call Chain = posix_mq_find &rArr; strncmp
</UL>
<BR>[Calls]<UL><LI><a href="#[16e]">&gt;&gt;</a>&nbsp;&nbsp;&nbsp;strncmp
</UL>
<BR>[Called By]<UL><LI><a href="#[187]">&gt;&gt;</a>&nbsp;&nbsp;&nbsp;mq_unlink
<LI><a href="#[180]">&gt;&gt;</a>&nbsp;&nbsp;&nbsp;mq_open
</UL>

<P><STRONG><a name="[76]"></a>_pthread_cleanup</STRONG> (Thumb, 38 bytes, Stack size 16 bytes, pthread.o(i._pthread_cleanup))
<BR><BR>[Stack]<UL><LI>Max Depth = 368<LI>Call Chain = _pthread_cleanup &rArr; pthread_detach &rArr; rt_sem_delete &rArr; rt_kprintf &rArr; rt_device_write &rArr; rt_assert_handler &rArr;  rt_kprintf (Cycle)
</UL>
<BR>[Calls]<UL><LI><a href="#[ed]">&gt;&gt;</a>&nbsp;&nbsp;&nbsp;rt_sem_release
<LI><a href="#[189]">&gt;&gt;</a>&nbsp;&nbsp;&nbsp;pthread_detach
<LI><a href="#[2a6]">&gt;&gt;</a>&nbsp;&nbsp;&nbsp;_pthread_get_data
</UL>
<BR>[Address Reference Count : 1]<UL><LI> pthread.o(i.pthread_create)
</UL>
<P><STRONG><a name="[2a6]"></a>_pthread_get_data</STRONG> (Thumb, 54 bytes, Stack size 16 bytes, pthread.o(i._pthread_get_data))
<BR><BR>[Stack]<UL><LI>Max Depth = 200<LI>Call Chain = _pthread_get_data &rArr; rt_assert_handler &rArr;  rt_kprintf (Cycle)
</UL>
<BR>[Calls]<UL><LI><a href="#[12b]">&gt;&gt;</a>&nbsp;&nbsp;&nbsp;rt_assert_handler
</UL>
<BR>[Called By]<UL><LI><a href="#[193]">&gt;&gt;</a>&nbsp;&nbsp;&nbsp;pthread_testcancel
<LI><a href="#[192]">&gt;&gt;</a>&nbsp;&nbsp;&nbsp;pthread_setcanceltype
<LI><a href="#[191]">&gt;&gt;</a>&nbsp;&nbsp;&nbsp;pthread_setcancelstate
<LI><a href="#[18a]">&gt;&gt;</a>&nbsp;&nbsp;&nbsp;pthread_join
<LI><a href="#[18b]">&gt;&gt;</a>&nbsp;&nbsp;&nbsp;pthread_exit
<LI><a href="#[189]">&gt;&gt;</a>&nbsp;&nbsp;&nbsp;pthread_detach
<LI><a href="#[190]">&gt;&gt;</a>&nbsp;&nbsp;&nbsp;pthread_cleanup_push
<LI><a href="#[18f]">&gt;&gt;</a>&nbsp;&nbsp;&nbsp;pthread_cleanup_pop
<LI><a href="#[194]">&gt;&gt;</a>&nbsp;&nbsp;&nbsp;pthread_cancel
<LI><a href="#[76]">&gt;&gt;</a>&nbsp;&nbsp;&nbsp;_pthread_cleanup
</UL>

<P><STRONG><a name="[75]"></a>pthread_entry_stub</STRONG> (Thumb, 18 bytes, Stack size 16 bytes, pthread.o(i.pthread_entry_stub))
<BR><BR>[Stack]<UL><LI>Max Depth = 16<LI>Call Chain = pthread_entry_stub
</UL>
<BR>[Address Reference Count : 1]<UL><LI> pthread.o(i.pthread_create)
</UL>
<P><STRONG><a name="[2a7]"></a>_pthread_get_data</STRONG> (Thumb, 54 bytes, Stack size 16 bytes, pthread_tls.o(i._pthread_get_data))
<BR><BR>[Stack]<UL><LI>Max Depth = 200<LI>Call Chain = _pthread_get_data &rArr; rt_assert_handler &rArr;  rt_kprintf (Cycle)
</UL>
<BR>[Calls]<UL><LI><a href="#[12b]">&gt;&gt;</a>&nbsp;&nbsp;&nbsp;rt_assert_handler
</UL>
<BR>[Called By]<UL><LI><a href="#[1d3]">&gt;&gt;</a>&nbsp;&nbsp;&nbsp;pthread_setspecific
<LI><a href="#[1d2]">&gt;&gt;</a>&nbsp;&nbsp;&nbsp;pthread_getspecific
</UL>

<P><STRONG><a name="[2f9]"></a>posix_sem_delete</STRONG> (Thumb, 84 bytes, Stack size 16 bytes, semaphore_1.o(i.posix_sem_delete))
<BR><BR>[Stack]<UL><LI>Max Depth = 360<LI>Call Chain = posix_sem_delete &rArr; rt_sem_delete &rArr; rt_kprintf &rArr; rt_device_write &rArr; rt_assert_handler &rArr;  rt_kprintf (Cycle)
</UL>
<BR>[Calls]<UL><LI><a href="#[12f]">&gt;&gt;</a>&nbsp;&nbsp;&nbsp;rt_free
<LI><a href="#[ea]">&gt;&gt;</a>&nbsp;&nbsp;&nbsp;rt_sem_delete
</UL>
<BR>[Called By]<UL><LI><a href="#[1dc]">&gt;&gt;</a>&nbsp;&nbsp;&nbsp;sem_unlink
<LI><a href="#[1db]">&gt;&gt;</a>&nbsp;&nbsp;&nbsp;sem_destroy
<LI><a href="#[1da]">&gt;&gt;</a>&nbsp;&nbsp;&nbsp;sem_close
</UL>

<P><STRONG><a name="[2fa]"></a>posix_sem_find</STRONG> (Thumb, 38 bytes, Stack size 16 bytes, semaphore_1.o(i.posix_sem_find))
<BR><BR>[Stack]<UL><LI>Max Depth = 32<LI>Call Chain = posix_sem_find &rArr; strncmp
</UL>
<BR>[Calls]<UL><LI><a href="#[16e]">&gt;&gt;</a>&nbsp;&nbsp;&nbsp;strncmp
</UL>
<BR>[Called By]<UL><LI><a href="#[1dc]">&gt;&gt;</a>&nbsp;&nbsp;&nbsp;sem_unlink
<LI><a href="#[1df]">&gt;&gt;</a>&nbsp;&nbsp;&nbsp;sem_open
</UL>

<P><STRONG><a name="[347]"></a>posix_sem_insert</STRONG> (Thumb, 12 bytes, Stack size 0 bytes, semaphore_1.o(i.posix_sem_insert))
<BR><BR>[Called By]<UL><LI><a href="#[1df]">&gt;&gt;</a>&nbsp;&nbsp;&nbsp;sem_open
<LI><a href="#[1de]">&gt;&gt;</a>&nbsp;&nbsp;&nbsp;sem_init
</UL>

<P><STRONG><a name="[244]"></a>_fp_digits</STRONG> (Thumb, 432 bytes, Stack size 96 bytes, _printf_fp_dec.o(.text))
<BR><BR>[Stack]<UL><LI>Max Depth = 220<LI>Call Chain = _fp_digits &rArr; _btod_etento &rArr; _btod_emul &rArr; _e2e
</UL>
<BR>[Calls]<UL><LI><a href="#[23b]">&gt;&gt;</a>&nbsp;&nbsp;&nbsp;_ll_udiv10
<LI><a href="#[248]">&gt;&gt;</a>&nbsp;&nbsp;&nbsp;_btod_emul
<LI><a href="#[247]">&gt;&gt;</a>&nbsp;&nbsp;&nbsp;_btod_ediv
<LI><a href="#[246]">&gt;&gt;</a>&nbsp;&nbsp;&nbsp;_btod_d2e
<LI><a href="#[245]">&gt;&gt;</a>&nbsp;&nbsp;&nbsp;_btod_etento
</UL>
<BR>[Called By]<UL><LI><a href="#[249]">&gt;&gt;</a>&nbsp;&nbsp;&nbsp;_printf_fp_dec_real
</UL>

<P><STRONG><a name="[70]"></a>_printf_input_char</STRONG> (Thumb, 10 bytes, Stack size 0 bytes, _printf_char_common.o(.text))
<BR>[Address Reference Count : 1]<UL><LI> _printf_char_common.o(.text)
</UL><P>
<H3>
Undefined Global Symbols
</H3><HR></body></html>
