<html>
<body>
<pre>
<h1>µVision Build Log</h1>
<h2>Tool Versions:</h2>
IDE-Version: ¦ÌVision V5.25.1.0
Copyright (C) 2018 ARM Ltd and ARM Germany GmbH. All rights reserved.
License Information: HUANG WENYU, XJTU, LIC=7YKSB-2LQ7Z-8XYUZ-JVXYV-5NI0P-8IAZ5
 
Tool Versions:
Toolchain:       MDK-ARM Professional  Version: 5.25.1.0
Toolchain Path:  D:\Keil_v5\ARM\ARMCC\Bin
C Compiler:      Armcc.exe V5.06 update 6 (build 750)
Assembler:       Armasm.exe V5.06 update 6 (build 750)
Linker/Locator:  ArmLink.exe V5.06 update 6 (build 750)
Library Manager: ArmAr.exe V5.06 update 6 (build 750)
Hex Converter:   FromElf.exe V5.06 update 6 (build 750)
CPU DLL:         SARMCM3.DLL V5.25.1.0
Dialog DLL:      DCM.DLL V1.17.0.0
Target DLL:      UL2CM3.DLL V1.160.7.0
Dialog DLL:      TCM.DLL V1.34.0.0
 
<h2>Project:</h2>
D:\rt-thread-master\bsp\stm32f429-disco\project.uvprojx
Project File Date:  08/17/2018

<h2>Output:</h2>
*** Using Compiler 'V5.06 update 6 (build 750)', folder: 'D:\Keil_v5\ARM\ARMCC\Bin'
Build target 'rt_thread_stm32f429'
compiling application.c...
compiling startup.c...
compiling stm32f4xx_it.c...
compiling system_stm32f4xx.c...
compiling board.c...
compiling usart.c...
compiling drv_sdram.c...
compiling stm32f4xx_hal_adc.c...
compiling stm32f4xx_hal.c...
compiling stm32f4xx_hal_crc.c...
compiling stm32f4xx_hal_dac.c...
compiling stm32f4xx_hal_cryp.c...
compiling stm32f4xx_hal_cortex.c...
compiling stm32f4xx_hal_adc_ex.c...
compiling stm32f4xx_hal_can.c...
compiling stm32f4xx_hal_cryp_ex.c...
compiling stm32f4xx_hal_cec.c...
compiling stm32f4xx_hal_dcmi.c...
compiling stm32f4xx_hal_dma2d.c...
compiling stm32f4xx_hal_dfsdm.c...
compiling stm32f4xx_hal_dma.c...
compiling stm32f4xx_hal_dcmi_ex.c...
compiling stm32f4xx_hal_dac_ex.c...
compiling stm32f4xx_hal_dma_ex.c...
compiling stm32f4xx_hal_dsi.c...
compiling stm32f4xx_hal_flash_ramfunc.c...
compiling stm32f4xx_hal_fmpi2c_ex.c...
compiling stm32f4xx_hal_flash.c...
compiling stm32f4xx_hal_hash.c...
compiling stm32f4xx_hal_flash_ex.c...
compiling stm32f4xx_hal_eth.c...
compiling stm32f4xx_hal_gpio.c...
compiling stm32f4xx_hal_fmpi2c.c...
compiling stm32f4xx_hal_i2c_ex.c...
compiling stm32f4xx_hal_i2s_ex.c...
compiling stm32f4xx_hal_hash_ex.c...
compiling stm32f4xx_hal_hcd.c...
compiling stm32f4xx_hal_irda.c...
compiling stm32f4xx_hal_i2s.c...
compiling stm32f4xx_hal_i2c.c...
compiling stm32f4xx_hal_iwdg.c...
compiling stm32f4xx_hal_nor.c...
compiling stm32f4xx_hal_ltdc.c...
compiling stm32f4xx_hal_ltdc_ex.c...
compiling stm32f4xx_hal_pccard.c...
compiling stm32f4xx_hal_lptim.c...
compiling stm32f4xx_hal_nand.c...
compiling stm32f4xx_hal_pcd.c...
compiling stm32f4xx_hal_pcd_ex.c...
compiling stm32f4xx_hal_rng.c...
compiling stm32f4xx_hal_rcc_ex.c...
compiling stm32f4xx_hal_rcc.c...
compiling stm32f4xx_hal_pwr.c...
compiling stm32f4xx_hal_rtc.c...
compiling stm32f4xx_hal_qspi.c...
compiling stm32f4xx_hal_rtc_ex.c...
compiling stm32f4xx_hal_pwr_ex.c...
compiling stm32f4xx_hal_sd.c...
compiling stm32f4xx_hal_spi.c...
compiling stm32f4xx_hal_sai.c...
compiling stm32f4xx_hal_spdifrx.c...
compiling stm32f4xx_hal_smartcard.c...
compiling stm32f4xx_hal_sai_ex.c...
compiling stm32f4xx_hal_sdram.c...
compiling stm32f4xx_hal_usart.c...
compiling stm32f4xx_ll_fmc.c...
compiling stm32f4xx_hal_wwdg.c...
compiling stm32f4xx_hal_sram.c...
compiling stm32f4xx_hal_tim_ex.c...
assembling startup_stm32f429xx.s...
compiling clock.c...
compiling components.c...
compiling stm32f4xx_hal_tim.c...
compiling device.c...
compiling idle.c...
compiling ipc.c...
compiling stm32f4xx_hal_uart.c...
compiling irq.c...
compiling kservice.c...
compiling mempool.c...
compiling memheap.c...
compiling mem.c...
compiling module.c...
compiling scheduler.c...
compiling object.c...
compiling signal.c...
assembling context_rvds.S...
compiling thread.c...
compiling cpuport.c...
compiling timer.c...
compiling div0.c...
compiling backtrace.c...
compiling showmem.c...
compiling stm32f4xx_ll_fsmc.c...
compiling Mutex.cpp...
compiling Semaphore.cpp...
compiling crt.cpp...
compiling Thread.cpp...
compiling crt_init.c...
compiling pin.c...
compiling completion.c...
compiling serial.c...
compiling pipe.c...
compiling dataqueue.c...
compiling waitqueue.c...
compiling ringbuffer.c...
compiling workqueue.c...
compiling symbol.c...
compiling shell.c...
compiling msh.c...
compiling cmd.c...
compiling msh_file.c...
compiling msh_cmd.c...
compiling finsh_compiler.c...
compiling finsh_error.c...
compiling finsh_heap.c...
compiling finsh_node.c...
compiling finsh_init.c...
compiling finsh_parser.c...
compiling finsh_ops.c...
compiling finsh_var.c...
compiling finsh_vm.c...
compiling finsh_token.c...
compiling stm32f4xx_ll_usb.c...
compiling libc_syms.c...
compiling stm32f4xx_ll_sdmmc.c...
compiling mem_std.c...
compiling libc.c...
..\..\components\libc\compilers\armlibc\sys/unistd.h(31): warning:  #47-D: incompatible redefinition of macro "O_RDONLY"  (declared at line 60 of "..\..\include\libc/libc_fcntl.h")
  #define O_RDONLY    0       /* +1 == FREAD */
..\..\components\libc\compilers\armlibc\sys/unistd.h(32): warning:  #47-D: incompatible redefinition of macro "O_WRONLY"  (declared at line 61 of "..\..\include\libc/libc_fcntl.h")
  #define O_WRONLY    1       /* +1 == FWRITE */
..\..\components\libc\compilers\armlibc\sys/unistd.h(33): warning:  #47-D: incompatible redefinition of macro "O_RDWR"  (declared at line 62 of "..\..\include\libc/libc_fcntl.h")
  #define O_RDWR      2       /* +1 == FREAD|FWRITE */
..\..\components\libc\compilers\armlibc\sys/unistd.h(34): warning:  #47-D: incompatible redefinition of macro "O_APPEND"  (declared at line 68 of "..\..\include\libc/libc_fcntl.h")
  #define O_APPEND    _FAPPEND
..\..\components\libc\compilers\armlibc\sys/unistd.h(35): warning:  #47-D: incompatible redefinition of macro "O_CREAT"  (declared at line 64 of "..\..\include\libc/libc_fcntl.h")
  #define O_CREAT     _FCREAT
..\..\components\libc\compilers\armlibc\sys/unistd.h(36): warning:  #47-D: incompatible redefinition of macro "O_TRUNC"  (declared at line 67 of "..\..\include\libc/libc_fcntl.h")
  #define O_TRUNC     _FTRUNC
..\..\components\libc\compilers\armlibc\sys/unistd.h(37): warning:  #47-D: incompatible redefinition of macro "O_EXCL"  (declared at line 65 of "..\..\include\libc/libc_fcntl.h")
  #define O_EXCL      _FEXCL
..\..\components\libc\compilers\armlibc\sys/unistd.h(38): warning:  #47-D: incompatible redefinition of macro "O_SYNC"  (declared at line 71 of "..\..\include\libc/libc_fcntl.h")
  #define O_SYNC      _FSYNC
..\..\components\libc\compilers\armlibc\libc.c: 8 warnings, 0 errors
compiling stubs.c...
compiling time.c...
compiling mqueue.c...
..\..\components\libc\compilers\armlibc\sys/unistd.h(31): warning:  #47-D: incompatible redefinition of macro "O_RDONLY"  (declared at line 60 of "..\..\include\libc/libc_fcntl.h")
  #define O_RDONLY    0       /* +1 == FREAD */
..\..\components\libc\compilers\armlibc\sys/unistd.h(32): warning:  #47-D: incompatible redefinition of macro "O_WRONLY"  (declared at line 61 of "..\..\include\libc/libc_fcntl.h")
  #define O_WRONLY    1       /* +1 == FWRITE */
..\..\components\libc\compilers\armlibc\sys/unistd.h(33): warning:  #47-D: incompatible redefinition of macro "O_RDWR"  (declared at line 62 of "..\..\include\libc/libc_fcntl.h")
  #define O_RDWR      2       /* +1 == FREAD|FWRITE */
..\..\components\libc\compilers\armlibc\sys/unistd.h(34): warning:  #47-D: incompatible redefinition of macro "O_APPEND"  (declared at line 68 of "..\..\include\libc/libc_fcntl.h")
  #define O_APPEND    _FAPPEND
..\..\components\libc\compilers\armlibc\sys/unistd.h(35): warning:  #47-D: incompatible redefinition of macro "O_CREAT"  (declared at line 64 of "..\..\include\libc/libc_fcntl.h")
  #define O_CREAT     _FCREAT
..\..\components\libc\compilers\armlibc\sys/unistd.h(36): warning:  #47-D: incompatible redefinition of macro "O_TRUNC"  (declared at line 67 of "..\..\include\libc/libc_fcntl.h")
  #define O_TRUNC     _FTRUNC
..\..\components\libc\compilers\armlibc\sys/unistd.h(37): warning:  #47-D: incompatible redefinition of macro "O_EXCL"  (declared at line 65 of "..\..\include\libc/libc_fcntl.h")
  #define O_EXCL      _FEXCL
..\..\components\libc\compilers\armlibc\sys/unistd.h(38): warning:  #47-D: incompatible redefinition of macro "O_SYNC"  (declared at line 71 of "..\..\include\libc/libc_fcntl.h")
  #define O_SYNC      _FSYNC
..\..\components\libc\pthreads\mqueue.c: 8 warnings, 0 errors
compiling pthread.c...
..\..\components\libc\compilers\armlibc\sys/unistd.h(31): warning:  #47-D: incompatible redefinition of macro "O_RDONLY"  (declared at line 60 of "..\..\include\libc/libc_fcntl.h")
  #define O_RDONLY    0       /* +1 == FREAD */
..\..\components\libc\compilers\armlibc\sys/unistd.h(32): warning:  #47-D: incompatible redefinition of macro "O_WRONLY"  (declared at line 61 of "..\..\include\libc/libc_fcntl.h")
  #define O_WRONLY    1       /* +1 == FWRITE */
..\..\components\libc\compilers\armlibc\sys/unistd.h(33): warning:  #47-D: incompatible redefinition of macro "O_RDWR"  (declared at line 62 of "..\..\include\libc/libc_fcntl.h")
  #define O_RDWR      2       /* +1 == FREAD|FWRITE */
..\..\components\libc\compilers\armlibc\sys/unistd.h(34): warning:  #47-D: incompatible redefinition of macro "O_APPEND"  (declared at line 68 of "..\..\include\libc/libc_fcntl.h")
  #define O_APPEND    _FAPPEND
..\..\components\libc\compilers\armlibc\sys/unistd.h(35): warning:  #47-D: incompatible redefinition of macro "O_CREAT"  (declared at line 64 of "..\..\include\libc/libc_fcntl.h")
  #define O_CREAT     _FCREAT
..\..\components\libc\compilers\armlibc\sys/unistd.h(36): warning:  #47-D: incompatible redefinition of macro "O_TRUNC"  (declared at line 67 of "..\..\include\libc/libc_fcntl.h")
  #define O_TRUNC     _FTRUNC
..\..\components\libc\compilers\armlibc\sys/unistd.h(37): warning:  #47-D: incompatible redefinition of macro "O_EXCL"  (declared at line 65 of "..\..\include\libc/libc_fcntl.h")
  #define O_EXCL      _FEXCL
..\..\components\libc\compilers\armlibc\sys/unistd.h(38): warning:  #47-D: incompatible redefinition of macro "O_SYNC"  (declared at line 71 of "..\..\include\libc/libc_fcntl.h")
  #define O_SYNC      _FSYNC
..\..\components\libc\pthreads\pthread.c: 8 warnings, 0 errors
compiling pthread_barrier.c...
..\..\components\libc\compilers\armlibc\sys/unistd.h(31): warning:  #47-D: incompatible redefinition of macro "O_RDONLY"  (declared at line 60 of "..\..\include\libc/libc_fcntl.h")
  #define O_RDONLY    0       /* +1 == FREAD */
..\..\components\libc\compilers\armlibc\sys/unistd.h(32): warning:  #47-D: incompatible redefinition of macro "O_WRONLY"  (declared at line 61 of "..\..\include\libc/libc_fcntl.h")
  #define O_WRONLY    1       /* +1 == FWRITE */
..\..\components\libc\compilers\armlibc\sys/unistd.h(33): warning:  #47-D: incompatible redefinition of macro "O_RDWR"  (declared at line 62 of "..\..\include\libc/libc_fcntl.h")
  #define O_RDWR      2       /* +1 == FREAD|FWRITE */
..\..\components\libc\compilers\armlibc\sys/unistd.h(34): warning:  #47-D: incompatible redefinition of macro "O_APPEND"  (declared at line 68 of "..\..\include\libc/libc_fcntl.h")
  #define O_APPEND    _FAPPEND
..\..\components\libc\compilers\armlibc\sys/unistd.h(35): warning:  #47-D: incompatible redefinition of macro "O_CREAT"  (declared at line 64 of "..\..\include\libc/libc_fcntl.h")
  #define O_CREAT     _FCREAT
..\..\components\libc\compilers\armlibc\sys/unistd.h(36): warning:  #47-D: incompatible redefinition of macro "O_TRUNC"  (declared at line 67 of "..\..\include\libc/libc_fcntl.h")
  #define O_TRUNC     _FTRUNC
..\..\components\libc\compilers\armlibc\sys/unistd.h(37): warning:  #47-D: incompatible redefinition of macro "O_EXCL"  (declared at line 65 of "..\..\include\libc/libc_fcntl.h")
  #define O_EXCL      _FEXCL
..\..\components\libc\compilers\armlibc\sys/unistd.h(38): warning:  #47-D: incompatible redefinition of macro "O_SYNC"  (declared at line 71 of "..\..\include\libc/libc_fcntl.h")
  #define O_SYNC      _FSYNC
..\..\components\libc\pthreads\pthread_barrier.c: 8 warnings, 0 errors
compiling pthread_attr.c...
..\..\components\libc\compilers\armlibc\sys/unistd.h(31): warning:  #47-D: incompatible redefinition of macro "O_RDONLY"  (declared at line 60 of "..\..\include\libc/libc_fcntl.h")
  #define O_RDONLY    0       /* +1 == FREAD */
..\..\components\libc\compilers\armlibc\sys/unistd.h(32): warning:  #47-D: incompatible redefinition of macro "O_WRONLY"  (declared at line 61 of "..\..\include\libc/libc_fcntl.h")
  #define O_WRONLY    1       /* +1 == FWRITE */
..\..\components\libc\compilers\armlibc\sys/unistd.h(33): warning:  #47-D: incompatible redefinition of macro "O_RDWR"  (declared at line 62 of "..\..\include\libc/libc_fcntl.h")
  #define O_RDWR      2       /* +1 == FREAD|FWRITE */
..\..\components\libc\compilers\armlibc\sys/unistd.h(34): warning:  #47-D: incompatible redefinition of macro "O_APPEND"  (declared at line 68 of "..\..\include\libc/libc_fcntl.h")
  #define O_APPEND    _FAPPEND
..\..\components\libc\compilers\armlibc\sys/unistd.h(35): warning:  #47-D: incompatible redefinition of macro "O_CREAT"  (declared at line 64 of "..\..\include\libc/libc_fcntl.h")
  #define O_CREAT     _FCREAT
..\..\components\libc\compilers\armlibc\sys/unistd.h(36): warning:  #47-D: incompatible redefinition of macro "O_TRUNC"  (declared at line 67 of "..\..\include\libc/libc_fcntl.h")
  #define O_TRUNC     _FTRUNC
..\..\components\libc\compilers\armlibc\sys/unistd.h(37): warning:  #47-D: incompatible redefinition of macro "O_EXCL"  (declared at line 65 of "..\..\include\libc/libc_fcntl.h")
  #define O_EXCL      _FEXCL
..\..\components\libc\compilers\armlibc\sys/unistd.h(38): warning:  #47-D: incompatible redefinition of macro "O_SYNC"  (declared at line 71 of "..\..\include\libc/libc_fcntl.h")
  #define O_SYNC      _FSYNC
..\..\components\libc\pthreads\pthread_attr.c: 8 warnings, 0 errors
compiling pthread_cond.c...
..\..\components\libc\compilers\armlibc\sys/unistd.h(31): warning:  #47-D: incompatible redefinition of macro "O_RDONLY"  (declared at line 60 of "..\..\include\libc/libc_fcntl.h")
  #define O_RDONLY    0       /* +1 == FREAD */
..\..\components\libc\compilers\armlibc\sys/unistd.h(32): warning:  #47-D: incompatible redefinition of macro "O_WRONLY"  (declared at line 61 of "..\..\include\libc/libc_fcntl.h")
  #define O_WRONLY    1       /* +1 == FWRITE */
..\..\components\libc\compilers\armlibc\sys/unistd.h(33): warning:  #47-D: incompatible redefinition of macro "O_RDWR"  (declared at line 62 of "..\..\include\libc/libc_fcntl.h")
  #define O_RDWR      2       /* +1 == FREAD|FWRITE */
..\..\components\libc\compilers\armlibc\sys/unistd.h(34): warning:  #47-D: incompatible redefinition of macro "O_APPEND"  (declared at line 68 of "..\..\include\libc/libc_fcntl.h")
  #define O_APPEND    _FAPPEND
..\..\components\libc\compilers\armlibc\sys/unistd.h(35): warning:  #47-D: incompatible redefinition of macro "O_CREAT"  (declared at line 64 of "..\..\include\libc/libc_fcntl.h")
  #define O_CREAT     _FCREAT
..\..\components\libc\compilers\armlibc\sys/unistd.h(36): warning:  #47-D: incompatible redefinition of macro "O_TRUNC"  (declared at line 67 of "..\..\include\libc/libc_fcntl.h")
  #define O_TRUNC     _FTRUNC
..\..\components\libc\compilers\armlibc\sys/unistd.h(37): warning:  #47-D: incompatible redefinition of macro "O_EXCL"  (declared at line 65 of "..\..\include\libc/libc_fcntl.h")
  #define O_EXCL      _FEXCL
..\..\components\libc\compilers\armlibc\sys/unistd.h(38): warning:  #47-D: incompatible redefinition of macro "O_SYNC"  (declared at line 71 of "..\..\include\libc/libc_fcntl.h")
  #define O_SYNC      _FSYNC
..\..\components\libc\pthreads\pthread_cond.c: 8 warnings, 0 errors
compiling pthread_rwlock.c...
..\..\components\libc\compilers\armlibc\sys/unistd.h(31): warning:  #47-D: incompatible redefinition of macro "O_RDONLY"  (declared at line 60 of "..\..\include\libc/libc_fcntl.h")
  #define O_RDONLY    0       /* +1 == FREAD */
..\..\components\libc\compilers\armlibc\sys/unistd.h(32): warning:  #47-D: incompatible redefinition of macro "O_WRONLY"  (declared at line 61 of "..\..\include\libc/libc_fcntl.h")
  #define O_WRONLY    1       /* +1 == FWRITE */
..\..\components\libc\compilers\armlibc\sys/unistd.h(33): warning:  #47-D: incompatible redefinition of macro "O_RDWR"  (declared at line 62 of "..\..\include\libc/libc_fcntl.h")
  #define O_RDWR      2       /* +1 == FREAD|FWRITE */
..\..\components\libc\compilers\armlibc\sys/unistd.h(34): warning:  #47-D: incompatible redefinition of macro "O_APPEND"  (declared at line 68 of "..\..\include\libc/libc_fcntl.h")
  #define O_APPEND    _FAPPEND
..\..\components\libc\compilers\armlibc\sys/unistd.h(35): warning:  #47-D: incompatible redefinition of macro "O_CREAT"  (declared at line 64 of "..\..\include\libc/libc_fcntl.h")
  #define O_CREAT     _FCREAT
..\..\components\libc\compilers\armlibc\sys/unistd.h(36): warning:  #47-D: incompatible redefinition of macro "O_TRUNC"  (declared at line 67 of "..\..\include\libc/libc_fcntl.h")
  #define O_TRUNC     _FTRUNC
..\..\components\libc\compilers\armlibc\sys/unistd.h(37): warning:  #47-D: incompatible redefinition of macro "O_EXCL"  (declared at line 65 of "..\..\include\libc/libc_fcntl.h")
  #define O_EXCL      _FEXCL
..\..\components\libc\compilers\armlibc\sys/unistd.h(38): warning:  #47-D: incompatible redefinition of macro "O_SYNC"  (declared at line 71 of "..\..\include\libc/libc_fcntl.h")
  #define O_SYNC      _FSYNC
..\..\components\libc\pthreads\pthread_rwlock.c: 8 warnings, 0 errors
compiling pthread_mutex.c...
..\..\components\libc\compilers\armlibc\sys/unistd.h(31): warning:  #47-D: incompatible redefinition of macro "O_RDONLY"  (declared at line 60 of "..\..\include\libc/libc_fcntl.h")
  #define O_RDONLY    0       /* +1 == FREAD */
..\..\components\libc\compilers\armlibc\sys/unistd.h(32): warning:  #47-D: incompatible redefinition of macro "O_WRONLY"  (declared at line 61 of "..\..\include\libc/libc_fcntl.h")
  #define O_WRONLY    1       /* +1 == FWRITE */
..\..\components\libc\compilers\armlibc\sys/unistd.h(33): warning:  #47-D: incompatible redefinition of macro "O_RDWR"  (declared at line 62 of "..\..\include\libc/libc_fcntl.h")
  #define O_RDWR      2       /* +1 == FREAD|FWRITE */
..\..\components\libc\compilers\armlibc\sys/unistd.h(34): warning:  #47-D: incompatible redefinition of macro "O_APPEND"  (declared at line 68 of "..\..\include\libc/libc_fcntl.h")
  #define O_APPEND    _FAPPEND
..\..\components\libc\compilers\armlibc\sys/unistd.h(35): warning:  #47-D: incompatible redefinition of macro "O_CREAT"  (declared at line 64 of "..\..\include\libc/libc_fcntl.h")
  #define O_CREAT     _FCREAT
..\..\components\libc\compilers\armlibc\sys/unistd.h(36): warning:  #47-D: incompatible redefinition of macro "O_TRUNC"  (declared at line 67 of "..\..\include\libc/libc_fcntl.h")
  #define O_TRUNC     _FTRUNC
..\..\components\libc\compilers\armlibc\sys/unistd.h(37): warning:  #47-D: incompatible redefinition of macro "O_EXCL"  (declared at line 65 of "..\..\include\libc/libc_fcntl.h")
  #define O_EXCL      _FEXCL
..\..\components\libc\compilers\armlibc\sys/unistd.h(38): warning:  #47-D: incompatible redefinition of macro "O_SYNC"  (declared at line 71 of "..\..\include\libc/libc_fcntl.h")
  #define O_SYNC      _FSYNC
..\..\components\libc\pthreads\pthread_mutex.c: 8 warnings, 0 errors
compiling pthread_spin.c...
..\..\components\libc\compilers\armlibc\sys/unistd.h(31): warning:  #47-D: incompatible redefinition of macro "O_RDONLY"  (declared at line 60 of "..\..\include\libc/libc_fcntl.h")
  #define O_RDONLY    0       /* +1 == FREAD */
..\..\components\libc\compilers\armlibc\sys/unistd.h(32): warning:  #47-D: incompatible redefinition of macro "O_WRONLY"  (declared at line 61 of "..\..\include\libc/libc_fcntl.h")
  #define O_WRONLY    1       /* +1 == FWRITE */
..\..\components\libc\compilers\armlibc\sys/unistd.h(33): warning:  #47-D: incompatible redefinition of macro "O_RDWR"  (declared at line 62 of "..\..\include\libc/libc_fcntl.h")
  #define O_RDWR      2       /* +1 == FREAD|FWRITE */
..\..\components\libc\compilers\armlibc\sys/unistd.h(34): warning:  #47-D: incompatible redefinition of macro "O_APPEND"  (declared at line 68 of "..\..\include\libc/libc_fcntl.h")
  #define O_APPEND    _FAPPEND
..\..\components\libc\compilers\armlibc\sys/unistd.h(35): warning:  #47-D: incompatible redefinition of macro "O_CREAT"  (declared at line 64 of "..\..\include\libc/libc_fcntl.h")
  #define O_CREAT     _FCREAT
..\..\components\libc\compilers\armlibc\sys/unistd.h(36): warning:  #47-D: incompatible redefinition of macro "O_TRUNC"  (declared at line 67 of "..\..\include\libc/libc_fcntl.h")
  #define O_TRUNC     _FTRUNC
..\..\components\libc\compilers\armlibc\sys/unistd.h(37): warning:  #47-D: incompatible redefinition of macro "O_EXCL"  (declared at line 65 of "..\..\include\libc/libc_fcntl.h")
  #define O_EXCL      _FEXCL
..\..\components\libc\compilers\armlibc\sys/unistd.h(38): warning:  #47-D: incompatible redefinition of macro "O_SYNC"  (declared at line 71 of "..\..\include\libc/libc_fcntl.h")
  #define O_SYNC      _FSYNC
..\..\components\libc\pthreads\pthread_spin.c: 8 warnings, 0 errors
compiling pthread_tls.c...
..\..\components\libc\compilers\armlibc\sys/unistd.h(31): warning:  #47-D: incompatible redefinition of macro "O_RDONLY"  (declared at line 60 of "..\..\include\libc/libc_fcntl.h")
  #define O_RDONLY    0       /* +1 == FREAD */
..\..\components\libc\compilers\armlibc\sys/unistd.h(32): warning:  #47-D: incompatible redefinition of macro "O_WRONLY"  (declared at line 61 of "..\..\include\libc/libc_fcntl.h")
  #define O_WRONLY    1       /* +1 == FWRITE */
..\..\components\libc\compilers\armlibc\sys/unistd.h(33): warning:  #47-D: incompatible redefinition of macro "O_RDWR"  (declared at line 62 of "..\..\include\libc/libc_fcntl.h")
  #define O_RDWR      2       /* +1 == FREAD|FWRITE */
..\..\components\libc\compilers\armlibc\sys/unistd.h(34): warning:  #47-D: incompatible redefinition of macro "O_APPEND"  (declared at line 68 of "..\..\include\libc/libc_fcntl.h")
  #define O_APPEND    _FAPPEND
..\..\components\libc\compilers\armlibc\sys/unistd.h(35): warning:  #47-D: incompatible redefinition of macro "O_CREAT"  (declared at line 64 of "..\..\include\libc/libc_fcntl.h")
  #define O_CREAT     _FCREAT
..\..\components\libc\compilers\armlibc\sys/unistd.h(36): warning:  #47-D: incompatible redefinition of macro "O_TRUNC"  (declared at line 67 of "..\..\include\libc/libc_fcntl.h")
  #define O_TRUNC     _FTRUNC
..\..\components\libc\compilers\armlibc\sys/unistd.h(37): warning:  #47-D: incompatible redefinition of macro "O_EXCL"  (declared at line 65 of "..\..\include\libc/libc_fcntl.h")
  #define O_EXCL      _FEXCL
..\..\components\libc\compilers\armlibc\sys/unistd.h(38): warning:  #47-D: incompatible redefinition of macro "O_SYNC"  (declared at line 71 of "..\..\include\libc/libc_fcntl.h")
  #define O_SYNC      _FSYNC
..\..\components\libc\pthreads\pthread_tls.c: 8 warnings, 0 errors
compiling sched.c...
..\..\components\libc\compilers\armlibc\sys/unistd.h(31): warning:  #47-D: incompatible redefinition of macro "O_RDONLY"  (declared at line 60 of "..\..\include\libc/libc_fcntl.h")
  #define O_RDONLY    0       /* +1 == FREAD */
..\..\components\libc\compilers\armlibc\sys/unistd.h(32): warning:  #47-D: incompatible redefinition of macro "O_WRONLY"  (declared at line 61 of "..\..\include\libc/libc_fcntl.h")
  #define O_WRONLY    1       /* +1 == FWRITE */
..\..\components\libc\compilers\armlibc\sys/unistd.h(33): warning:  #47-D: incompatible redefinition of macro "O_RDWR"  (declared at line 62 of "..\..\include\libc/libc_fcntl.h")
  #define O_RDWR      2       /* +1 == FREAD|FWRITE */
..\..\components\libc\compilers\armlibc\sys/unistd.h(34): warning:  #47-D: incompatible redefinition of macro "O_APPEND"  (declared at line 68 of "..\..\include\libc/libc_fcntl.h")
  #define O_APPEND    _FAPPEND
..\..\components\libc\compilers\armlibc\sys/unistd.h(35): warning:  #47-D: incompatible redefinition of macro "O_CREAT"  (declared at line 64 of "..\..\include\libc/libc_fcntl.h")
  #define O_CREAT     _FCREAT
..\..\components\libc\compilers\armlibc\sys/unistd.h(36): warning:  #47-D: incompatible redefinition of macro "O_TRUNC"  (declared at line 67 of "..\..\include\libc/libc_fcntl.h")
  #define O_TRUNC     _FTRUNC
..\..\components\libc\compilers\armlibc\sys/unistd.h(37): warning:  #47-D: incompatible redefinition of macro "O_EXCL"  (declared at line 65 of "..\..\include\libc/libc_fcntl.h")
  #define O_EXCL      _FEXCL
..\..\components\libc\compilers\armlibc\sys/unistd.h(38): warning:  #47-D: incompatible redefinition of macro "O_SYNC"  (declared at line 71 of "..\..\include\libc/libc_fcntl.h")
  #define O_SYNC      _FSYNC
..\..\components\libc\pthreads\sched.c: 8 warnings, 0 errors
compiling semaphore.c...
..\..\components\libc\compilers\armlibc\sys/unistd.h(31): warning:  #47-D: incompatible redefinition of macro "O_RDONLY"  (declared at line 60 of "..\..\include\libc/libc_fcntl.h")
  #define O_RDONLY    0       /* +1 == FREAD */
..\..\components\libc\compilers\armlibc\sys/unistd.h(32): warning:  #47-D: incompatible redefinition of macro "O_WRONLY"  (declared at line 61 of "..\..\include\libc/libc_fcntl.h")
  #define O_WRONLY    1       /* +1 == FWRITE */
..\..\components\libc\compilers\armlibc\sys/unistd.h(33): warning:  #47-D: incompatible redefinition of macro "O_RDWR"  (declared at line 62 of "..\..\include\libc/libc_fcntl.h")
  #define O_RDWR      2       /* +1 == FREAD|FWRITE */
..\..\components\libc\compilers\armlibc\sys/unistd.h(34): warning:  #47-D: incompatible redefinition of macro "O_APPEND"  (declared at line 68 of "..\..\include\libc/libc_fcntl.h")
  #define O_APPEND    _FAPPEND
..\..\components\libc\compilers\armlibc\sys/unistd.h(35): warning:  #47-D: incompatible redefinition of macro "O_CREAT"  (declared at line 64 of "..\..\include\libc/libc_fcntl.h")
  #define O_CREAT     _FCREAT
..\..\components\libc\compilers\armlibc\sys/unistd.h(36): warning:  #47-D: incompatible redefinition of macro "O_TRUNC"  (declared at line 67 of "..\..\include\libc/libc_fcntl.h")
  #define O_TRUNC     _FTRUNC
..\..\components\libc\compilers\armlibc\sys/unistd.h(37): warning:  #47-D: incompatible redefinition of macro "O_EXCL"  (declared at line 65 of "..\..\include\libc/libc_fcntl.h")
  #define O_EXCL      _FEXCL
..\..\components\libc\compilers\armlibc\sys/unistd.h(38): warning:  #47-D: incompatible redefinition of macro "O_SYNC"  (declared at line 71 of "..\..\include\libc/libc_fcntl.h")
  #define O_SYNC      _FSYNC
..\..\components\libc\pthreads\semaphore.c: 8 warnings, 0 errors
compiling clock_time.c...
..\..\components\libc\compilers\armlibc\sys/unistd.h(31): warning:  #47-D: incompatible redefinition of macro "O_RDONLY"  (declared at line 60 of "..\..\include\libc/libc_fcntl.h")
  #define O_RDONLY    0       /* +1 == FREAD */
..\..\components\libc\compilers\armlibc\sys/unistd.h(32): warning:  #47-D: incompatible redefinition of macro "O_WRONLY"  (declared at line 61 of "..\..\include\libc/libc_fcntl.h")
  #define O_WRONLY    1       /* +1 == FWRITE */
..\..\components\libc\compilers\armlibc\sys/unistd.h(33): warning:  #47-D: incompatible redefinition of macro "O_RDWR"  (declared at line 62 of "..\..\include\libc/libc_fcntl.h")
  #define O_RDWR      2       /* +1 == FREAD|FWRITE */
..\..\components\libc\compilers\armlibc\sys/unistd.h(34): warning:  #47-D: incompatible redefinition of macro "O_APPEND"  (declared at line 68 of "..\..\include\libc/libc_fcntl.h")
  #define O_APPEND    _FAPPEND
..\..\components\libc\compilers\armlibc\sys/unistd.h(35): warning:  #47-D: incompatible redefinition of macro "O_CREAT"  (declared at line 64 of "..\..\include\libc/libc_fcntl.h")
  #define O_CREAT     _FCREAT
..\..\components\libc\compilers\armlibc\sys/unistd.h(36): warning:  #47-D: incompatible redefinition of macro "O_TRUNC"  (declared at line 67 of "..\..\include\libc/libc_fcntl.h")
  #define O_TRUNC     _FTRUNC
..\..\components\libc\compilers\armlibc\sys/unistd.h(37): warning:  #47-D: incompatible redefinition of macro "O_EXCL"  (declared at line 65 of "..\..\include\libc/libc_fcntl.h")
  #define O_EXCL      _FEXCL
..\..\components\libc\compilers\armlibc\sys/unistd.h(38): warning:  #47-D: incompatible redefinition of macro "O_SYNC"  (declared at line 71 of "..\..\include\libc/libc_fcntl.h")
  #define O_SYNC      _FSYNC
..\..\components\libc\time\clock_time.c: 8 warnings, 0 errors
compiling posix_sleep.c...
..\..\components\libc\compilers\armlibc\sys/unistd.h(31): warning:  #47-D: incompatible redefinition of macro "O_RDONLY"  (declared at line 60 of "..\..\include\libc/libc_fcntl.h")
  #define O_RDONLY    0       /* +1 == FREAD */
..\..\components\libc\compilers\armlibc\sys/unistd.h(32): warning:  #47-D: incompatible redefinition of macro "O_WRONLY"  (declared at line 61 of "..\..\include\libc/libc_fcntl.h")
  #define O_WRONLY    1       /* +1 == FWRITE */
..\..\components\libc\compilers\armlibc\sys/unistd.h(33): warning:  #47-D: incompatible redefinition of macro "O_RDWR"  (declared at line 62 of "..\..\include\libc/libc_fcntl.h")
  #define O_RDWR      2       /* +1 == FREAD|FWRITE */
..\..\components\libc\compilers\armlibc\sys/unistd.h(34): warning:  #47-D: incompatible redefinition of macro "O_APPEND"  (declared at line 68 of "..\..\include\libc/libc_fcntl.h")
  #define O_APPEND    _FAPPEND
..\..\components\libc\compilers\armlibc\sys/unistd.h(35): warning:  #47-D: incompatible redefinition of macro "O_CREAT"  (declared at line 64 of "..\..\include\libc/libc_fcntl.h")
  #define O_CREAT     _FCREAT
..\..\components\libc\compilers\armlibc\sys/unistd.h(36): warning:  #47-D: incompatible redefinition of macro "O_TRUNC"  (declared at line 67 of "..\..\include\libc/libc_fcntl.h")
  #define O_TRUNC     _FTRUNC
..\..\components\libc\compilers\armlibc\sys/unistd.h(37): warning:  #47-D: incompatible redefinition of macro "O_EXCL"  (declared at line 65 of "..\..\include\libc/libc_fcntl.h")
  #define O_EXCL      _FEXCL
..\..\components\libc\compilers\armlibc\sys/unistd.h(38): warning:  #47-D: incompatible redefinition of macro "O_SYNC"  (declared at line 71 of "..\..\include\libc/libc_fcntl.h")
  #define O_SYNC      _FSYNC
..\..\components\libc\time\posix_sleep.c: 8 warnings, 0 errors
linking...
.\Objects\template.axf: Warning: L6330W: Undefined symbol SHT$$INIT_ARRAY$$Base (referred from crt_init.o). Unused section has been removed.
.\Objects\template.axf: Warning: L6330W: Undefined symbol SHT$$INIT_ARRAY$$Limit (referred from crt_init.o). Unused section has been removed.
Program Size: Code=83292 RO-data=14852 RW-data=676 ZI-data=5740  
Finished: 0 information, 2 warning and 0 error messages.
".\Objects\template.axf" - 0 Error(s), 114 Warning(s).

<h2>Software Packages used:</h2>

Package Vendor: Keil
                http://www.keil.com/pack/Keil.STM32F4xx_DFP.2.13.0.pack
                Keil.STM32F4xx_DFP.2.13.0
                STMicroelectronics STM32F4 Series Device Support, Drivers and Examples

<h2>Collection of Component include folders:</h2>
  .\RTE\_rt_thread_stm32f429
  D:\Keil_v5\ARM\PACK\Keil\STM32F4xx_DFP\2.13.0\Drivers\CMSIS\Device\ST\STM32F4xx\Include

<h2>Collection of Component Files used:</h2>
Build Time Elapsed:  00:01:18
</pre>
</body>
</html>
